# 2026-08-27T00:01:22.609Z
69385 page=1 fetchUrl=https://acm.timus.ru/status.aspx?space=1&author=69385&count=100&locale=en
69385 page=1 pageSubmissions=100
69385 page=1 submissionsAfterChallengeStart=100
69385 page=1 nextHref=status.aspx?space=1&amp;author=69385&amp;from=11241301
69385 page=1 next=/status.aspx?space=1&author=69385&from=11241301
69385 page=2 fetchUrl=https://acm.timus.ru/status.aspx?space=1&author=69385&from=11241301
69385 page=2 pageSubmissions=10
69385 page=2 submissionsAfterChallengeStart=10
69385 page=2 nextHref=status.aspx?space=1&amp;author=69385&amp;from=11240680
69385 page=2 next=/status.aspx?space=1&author=69385&from=11240680
69385 page=3 fetchUrl=https://acm.timus.ru/status.aspx?space=1&author=69385&from=11240680
69385 page=3 pageSubmissions=10
69385 page=3 submissionsAfterChallengeStart=10
69385 page=3 nextHref=status.aspx?space=1&amp;author=69385&amp;from=11240576
69385 page=3 next=/status.aspx?space=1&author=69385&from=11240576
69385 page=4 fetchUrl=https://acm.timus.ru/status.aspx?space=1&author=69385&from=11240576
69385 page=4 pageSubmissions=10
69385 page=4 submissionsAfterChallengeStart=5
69385 page=4 nextHref=status.aspx?space=1&amp;author=69385&amp;from=9460282
69385 page=4 next=
408257 page=1 fetchUrl=https://acm.timus.ru/status.aspx?space=1&author=408257&count=100&locale=en
408257 page=1 pageSubmissions=81
408257 page=1 submissionsAfterChallengeStart=81
408257 page=1 nextHref=
408257 page=1 next=
408279 page=1 fetchUrl=https://acm.timus.ru/status.aspx?space=1&author=408279&count=100&locale=en
408279 page=1 pageSubmissions=1
408279 page=1 submissionsAfterChallengeStart=1
408279 page=1 nextHref=
408279 page=1 next=
408277 page=1 fetchUrl=https://acm.timus.ru/status.aspx?space=1&author=408277&count=100&locale=en
408277 page=1 pageSubmissions=6
408277 page=1 submissionsAfterChallengeStart=6
408277 page=1 nextHref=
408277 page=1 next=
408280 page=1 fetchUrl=https://acm.timus.ru/status.aspx?space=1&author=408280&count=100&locale=en
408280 page=1 pageSubmissions=26
408280 page=1 submissionsAfterChallengeStart=26
408280 page=1 nextHref=
408280 page=1 next=
408281 page=1 fetchUrl=https://acm.timus.ru/status.aspx?space=1&author=408281&count=100&locale=en
408281 page=1 pageSubmissions=0
408281 page=1 submissionsAfterChallengeStart=0
408281 page=1 nextHref=
408281 page=1 next=
408282 page=1 fetchUrl=https://acm.timus.ru/status.aspx?space=1&author=408282&count=100&locale=en
408282 page=1 pageSubmissions=3
408282 page=1 submissionsAfterChallengeStart=3
408282 page=1 nextHref=
408282 page=1 next=
408283 page=1 fetchUrl=https://acm.timus.ru/status.aspx?space=1&author=408283&count=100&locale=en
408283 page=1 pageSubmissions=51
408283 page=1 submissionsAfterChallengeStart=51
408283 page=1 nextHref=
408283 page=1 next=
408292 page=1 fetchUrl=https://acm.timus.ru/status.aspx?space=1&author=408292&count=100&locale=en
408292 page=1 pageSubmissions=55
408292 page=1 submissionsAfterChallengeStart=55
408292 page=1 nextHref=
408292 page=1 next=
408293 page=1 fetchUrl=https://acm.timus.ru/status.aspx?space=1&author=408293&count=100&locale=en
408293 page=1 pageSubmissions=14
408293 page=1 submissionsAfterChallengeStart=14
408293 page=1 nextHref=
408293 page=1 next=
408296 page=1 fetchUrl=https://acm.timus.ru/status.aspx?space=1&author=408296&count=100&locale=en
408296 page=1 pageSubmissions=32
408296 page=1 submissionsAfterChallengeStart=32
408296 page=1 nextHref=
408296 page=1 next=
408294 page=1 fetchUrl=https://acm.timus.ru/status.aspx?space=1&author=408294&count=100&locale=en
408294 page=1 pageSubmissions=28
408294 page=1 submissionsAfterChallengeStart=28
408294 page=1 nextHref=
408294 page=1 next=
408298 page=1 fetchUrl=https://acm.timus.ru/status.aspx?space=1&author=408298&count=100&locale=en
408298 page=1 pageSubmissions=20
408298 page=1 submissionsAfterChallengeStart=20
408298 page=1 nextHref=
408298 page=1 next=
408303 page=1 fetchUrl=https://acm.timus.ru/status.aspx?space=1&author=408303&count=100&locale=en
408303 page=1 pageSubmissions=91
408303 page=1 submissionsAfterChallengeStart=91
408303 page=1 nextHref=
408303 page=1 next=
408307 page=1 fetchUrl=https://acm.timus.ru/status.aspx?space=1&author=408307&count=100&locale=en
408307 page=1 pageSubmissions=3
408307 page=1 submissionsAfterChallengeStart=3
408307 page=1 nextHref=
408307 page=1 next=
408311 page=1 fetchUrl=https://acm.timus.ru/status.aspx?space=1&author=408311&count=100&locale=en
408311 page=1 pageSubmissions=5
408311 page=1 submissionsAfterChallengeStart=5
408311 page=1 nextHref=
408311 page=1 next=
408323 page=1 fetchUrl=https://acm.timus.ru/status.aspx?space=1&author=408323&count=100&locale=en
408323 page=1 pageSubmissions=21
408323 page=1 submissionsAfterChallengeStart=21
408323 page=1 nextHref=
408323 page=1 next=
408301 page=1 fetchUrl=https://acm.timus.ru/status.aspx?space=1&author=408301&count=100&locale=en
408301 page=1 pageSubmissions=14
408301 page=1 submissionsAfterChallengeStart=14
408301 page=1 nextHref=
408301 page=1 next=
408326 page=1 fetchUrl=https://acm.timus.ru/status.aspx?space=1&author=408326&count=100&locale=en
408326 page=1 pageSubmissions=12
408326 page=1 submissionsAfterChallengeStart=12
408326 page=1 nextHref=
408326 page=1 next=
# 2026-08-27T00:06:26.452Z
69385 page=1 fetchUrl=https://acm.timus.ru/status.aspx?space=1&author=69385&count=100&locale=en
69385 page=1 pageSubmissions=100
69385 page=1 submissionsAfterChallengeStart=100
69385 page=1 nextHref=status.aspx?space=1&amp;author=69385&amp;from=11241301
69385 page=1 next=/status.aspx?space=1&author=69385&from=11241301
69385 page=2 fetchUrl=https://acm.timus.ru/status.aspx?space=1&author=69385&from=11241301
69385 page=2 pageSubmissions=10
69385 page=2 submissionsAfterChallengeStart=10
69385 page=2 nextHref=status.aspx?space=1&amp;author=69385&amp;from=11240680
69385 page=2 next=/status.aspx?space=1&author=69385&from=11240680
69385 page=3 fetchUrl=https://acm.timus.ru/status.aspx?space=1&author=69385&from=11240680
69385 page=3 pageSubmissions=10
69385 page=3 submissionsAfterChallengeStart=10
69385 page=3 nextHref=status.aspx?space=1&amp;author=69385&amp;from=11240576
69385 page=3 next=/status.aspx?space=1&author=69385&from=11240576
69385 page=4 fetchUrl=https://acm.timus.ru/status.aspx?space=1&author=69385&from=11240576
69385 page=4 pageSubmissions=10
69385 page=4 submissionsAfterChallengeStart=5
69385 page=4 nextHref=status.aspx?space=1&amp;author=69385&amp;from=9460282
69385 page=4 next=
408257 page=1 fetchUrl=https://acm.timus.ru/status.aspx?space=1&author=408257&count=100&locale=en
408257 page=1 pageSubmissions=81
408257 page=1 submissionsAfterChallengeStart=81
408257 page=1 nextHref=
408257 page=1 next=
408279 page=1 fetchUrl=https://acm.timus.ru/status.aspx?space=1&author=408279&count=100&locale=en
408279 page=1 pageSubmissions=1
408279 page=1 submissionsAfterChallengeStart=1
408279 page=1 nextHref=
408279 page=1 next=
408277 page=1 fetchUrl=https://acm.timus.ru/status.aspx?space=1&author=408277&count=100&locale=en
408277 page=1 pageSubmissions=6
408277 page=1 submissionsAfterChallengeStart=6
408277 page=1 nextHref=
408277 page=1 next=
408280 page=1 fetchUrl=https://acm.timus.ru/status.aspx?space=1&author=408280&count=100&locale=en
408280 page=1 pageSubmissions=26
408280 page=1 submissionsAfterChallengeStart=26
408280 page=1 nextHref=
408280 page=1 next=
408281 page=1 fetchUrl=https://acm.timus.ru/status.aspx?space=1&author=408281&count=100&locale=en
408281 page=1 pageSubmissions=0
408281 page=1 submissionsAfterChallengeStart=0
408281 page=1 nextHref=
408281 page=1 next=
408282 page=1 fetchUrl=https://acm.timus.ru/status.aspx?space=1&author=408282&count=100&locale=en
408282 page=1 pageSubmissions=3
408282 page=1 submissionsAfterChallengeStart=3
408282 page=1 nextHref=
408282 page=1 next=
408283 page=1 fetchUrl=https://acm.timus.ru/status.aspx?space=1&author=408283&count=100&locale=en
408283 page=1 pageSubmissions=51
408283 page=1 submissionsAfterChallengeStart=51
408283 page=1 nextHref=
408283 page=1 next=
408292 page=1 fetchUrl=https://acm.timus.ru/status.aspx?space=1&author=408292&count=100&locale=en
408292 page=1 pageSubmissions=55
408292 page=1 submissionsAfterChallengeStart=55
408292 page=1 nextHref=
408292 page=1 next=
408293 page=1 fetchUrl=https://acm.timus.ru/status.aspx?space=1&author=408293&count=100&locale=en
408293 page=1 pageSubmissions=14
408293 page=1 submissionsAfterChallengeStart=14
408293 page=1 nextHref=
408293 page=1 next=
408296 page=1 fetchUrl=https://acm.timus.ru/status.aspx?space=1&author=408296&count=100&locale=en
408296 page=1 pageSubmissions=32
408296 page=1 submissionsAfterChallengeStart=32
408296 page=1 nextHref=
408296 page=1 next=
408294 page=1 fetchUrl=https://acm.timus.ru/status.aspx?space=1&author=408294&count=100&locale=en
408294 page=1 pageSubmissions=28
408294 page=1 submissionsAfterChallengeStart=28
408294 page=1 nextHref=
408294 page=1 next=
408298 page=1 fetchUrl=https://acm.timus.ru/status.aspx?space=1&author=408298&count=100&locale=en
408298 page=1 pageSubmissions=20
408298 page=1 submissionsAfterChallengeStart=20
408298 page=1 nextHref=
408298 page=1 next=
408303 page=1 fetchUrl=https://acm.timus.ru/status.aspx?space=1&author=408303&count=100&locale=en
408303 page=1 pageSubmissions=91
408303 page=1 submissionsAfterChallengeStart=91
408303 page=1 nextHref=
408303 page=1 next=
408307 page=1 fetchUrl=https://acm.timus.ru/status.aspx?space=1&author=408307&count=100&locale=en
408307 page=1 pageSubmissions=3
408307 page=1 submissionsAfterChallengeStart=3
408307 page=1 nextHref=
408307 page=1 next=
408311 page=1 fetchUrl=https://acm.timus.ru/status.aspx?space=1&author=408311&count=100&locale=en
408311 page=1 pageSubmissions=5
408311 page=1 submissionsAfterChallengeStart=5
408311 page=1 nextHref=
408311 page=1 next=
408323 page=1 fetchUrl=https://acm.timus.ru/status.aspx?space=1&author=408323&count=100&locale=en
408323 page=1 pageSubmissions=21
408323 page=1 submissionsAfterChallengeStart=21
408323 page=1 nextHref=
408323 page=1 next=
408301 page=1 fetchUrl=https://acm.timus.ru/status.aspx?space=1&author=408301&count=100&locale=en
408301 page=1 pageSubmissions=14
408301 page=1 submissionsAfterChallengeStart=14
408301 page=1 nextHref=
408301 page=1 next=
408326 page=1 fetchUrl=https://acm.timus.ru/status.aspx?space=1&author=408326&count=100&locale=en
408326 page=1 pageSubmissions=12
408326 page=1 submissionsAfterChallengeStart=12
408326 page=1 nextHref=
408326 page=1 next=
# 2026-08-27T00:11:24.905Z
69385 page=1 fetchUrl=https://acm.timus.ru/status.aspx?space=1&author=69385&count=100&locale=en
69385 page=1 pageSubmissions=100
69385 page=1 submissionsAfterChallengeStart=100
69385 page=1 nextHref=status.aspx?space=1&amp;author=69385&amp;from=11241301
69385 page=1 next=/status.aspx?space=1&author=69385&from=11241301
69385 page=2 fetchUrl=https://acm.timus.ru/status.aspx?space=1&author=69385&from=11241301
69385 page=2 pageSubmissions=10
69385 page=2 submissionsAfterChallengeStart=10
69385 page=2 nextHref=status.aspx?space=1&amp;author=69385&amp;from=11240680
69385 page=2 next=/status.aspx?space=1&author=69385&from=11240680
69385 page=3 fetchUrl=https://acm.timus.ru/status.aspx?space=1&author=69385&from=11240680
69385 page=3 pageSubmissions=10
69385 page=3 submissionsAfterChallengeStart=10
69385 page=3 nextHref=status.aspx?space=1&amp;author=69385&amp;from=11240576
69385 page=3 next=/status.aspx?space=1&author=69385&from=11240576
69385 page=4 fetchUrl=https://acm.timus.ru/status.aspx?space=1&author=69385&from=11240576
69385 page=4 pageSubmissions=10
69385 page=4 submissionsAfterChallengeStart=5
69385 page=4 nextHref=status.aspx?space=1&amp;author=69385&amp;from=9460282
69385 page=4 next=
408257 page=1 fetchUrl=https://acm.timus.ru/status.aspx?space=1&author=408257&count=100&locale=en
408257 page=1 pageSubmissions=81
408257 page=1 submissionsAfterChallengeStart=81
408257 page=1 nextHref=
408257 page=1 next=
408279 page=1 fetchUrl=https://acm.timus.ru/status.aspx?space=1&author=408279&count=100&locale=en
408279 page=1 pageSubmissions=1
408279 page=1 submissionsAfterChallengeStart=1
408279 page=1 nextHref=
408279 page=1 next=
408277 page=1 fetchUrl=https://acm.timus.ru/status.aspx?space=1&author=408277&count=100&locale=en
408277 page=1 pageSubmissions=6
408277 page=1 submissionsAfterChallengeStart=6
408277 page=1 nextHref=
408277 page=1 next=
408280 page=1 fetchUrl=https://acm.timus.ru/status.aspx?space=1&author=408280&count=100&locale=en
408280 page=1 pageSubmissions=26
408280 page=1 submissionsAfterChallengeStart=26
408280 page=1 nextHref=
408280 page=1 next=
408281 page=1 fetchUrl=https://acm.timus.ru/status.aspx?space=1&author=408281&count=100&locale=en
408281 page=1 pageSubmissions=0
408281 page=1 submissionsAfterChallengeStart=0
408281 page=1 nextHref=
408281 page=1 next=
408282 page=1 fetchUrl=https://acm.timus.ru/status.aspx?space=1&author=408282&count=100&locale=en
408282 page=1 pageSubmissions=3
408282 page=1 submissionsAfterChallengeStart=3
408282 page=1 nextHref=
408282 page=1 next=
408283 page=1 fetchUrl=https://acm.timus.ru/status.aspx?space=1&author=408283&count=100&locale=en
408283 page=1 pageSubmissions=51
408283 page=1 submissionsAfterChallengeStart=51
408283 page=1 nextHref=
408283 page=1 next=
408292 page=1 fetchUrl=https://acm.timus.ru/status.aspx?space=1&author=408292&count=100&locale=en
408292 page=1 pageSubmissions=55
408292 page=1 submissionsAfterChallengeStart=55
408292 page=1 nextHref=
408292 page=1 next=
408293 page=1 fetchUrl=https://acm.timus.ru/status.aspx?space=1&author=408293&count=100&locale=en
408293 page=1 pageSubmissions=14
408293 page=1 submissionsAfterChallengeStart=14
408293 page=1 nextHref=
408293 page=1 next=
408296 page=1 fetchUrl=https://acm.timus.ru/status.aspx?space=1&author=408296&count=100&locale=en
408296 page=1 pageSubmissions=32
408296 page=1 submissionsAfterChallengeStart=32
408296 page=1 nextHref=
408296 page=1 next=
408294 page=1 fetchUrl=https://acm.timus.ru/status.aspx?space=1&author=408294&count=100&locale=en
408294 page=1 pageSubmissions=28
408294 page=1 submissionsAfterChallengeStart=28
408294 page=1 nextHref=
408294 page=1 next=
408298 page=1 fetchUrl=https://acm.timus.ru/status.aspx?space=1&author=408298&count=100&locale=en
408298 page=1 pageSubmissions=20
408298 page=1 submissionsAfterChallengeStart=20
408298 page=1 nextHref=
408298 page=1 next=
408303 page=1 fetchUrl=https://acm.timus.ru/status.aspx?space=1&author=408303&count=100&locale=en
408303 page=1 pageSubmissions=91
408303 page=1 submissionsAfterChallengeStart=91
408303 page=1 nextHref=
408303 page=1 next=
408307 page=1 fetchUrl=https://acm.timus.ru/status.aspx?space=1&author=408307&count=100&locale=en
408307 page=1 pageSubmissions=3
408307 page=1 submissionsAfterChallengeStart=3
408307 page=1 nextHref=
408307 page=1 next=
408311 page=1 fetchUrl=https://acm.timus.ru/status.aspx?space=1&author=408311&count=100&locale=en
408311 page=1 pageSubmissions=5
408311 page=1 submissionsAfterChallengeStart=5
408311 page=1 nextHref=
408311 page=1 next=
408323 page=1 fetchUrl=https://acm.timus.ru/status.aspx?space=1&author=408323&count=100&locale=en
408323 page=1 pageSubmissions=21
408323 page=1 submissionsAfterChallengeStart=21
408323 page=1 nextHref=
408323 page=1 next=
408301 page=1 fetchUrl=https://acm.timus.ru/status.aspx?space=1&author=408301&count=100&locale=en
408301 page=1 pageSubmissions=14
408301 page=1 submissionsAfterChallengeStart=14
408301 page=1 nextHref=
408301 page=1 next=
408326 page=1 fetchUrl=https://acm.timus.ru/status.aspx?space=1&author=408326&count=100&locale=en
408326 page=1 pageSubmissions=12
408326 page=1 submissionsAfterChallengeStart=12
408326 page=1 nextHref=
408326 page=1 next=
# 2026-08-27T00:16:26.611Z
69385 page=1 fetchUrl=https://acm.timus.ru/status.aspx?space=1&author=69385&count=100&locale=en
69385 page=1 pageSubmissions=100
69385 page=1 submissionsAfterChallengeStart=100
69385 page=1 nextHref=status.aspx?space=1&amp;author=69385&amp;from=11241301
69385 page=1 next=/status.aspx?space=1&author=69385&from=11241301
69385 page=2 fetchUrl=https://acm.timus.ru/status.aspx?space=1&author=69385&from=11241301
69385 page=2 pageSubmissions=10
69385 page=2 submissionsAfterChallengeStart=10
69385 page=2 nextHref=status.aspx?space=1&amp;author=69385&amp;from=11240680
69385 page=2 next=/status.aspx?space=1&author=69385&from=11240680
69385 page=3 fetchUrl=https://acm.timus.ru/status.aspx?space=1&author=69385&from=11240680
69385 page=3 pageSubmissions=10
69385 page=3 submissionsAfterChallengeStart=10
69385 page=3 nextHref=status.aspx?space=1&amp;author=69385&amp;from=11240576
69385 page=3 next=/status.aspx?space=1&author=69385&from=11240576
69385 page=4 fetchUrl=https://acm.timus.ru/status.aspx?space=1&author=69385&from=11240576
69385 page=4 pageSubmissions=10
69385 page=4 submissionsAfterChallengeStart=5
69385 page=4 nextHref=status.aspx?space=1&amp;author=69385&amp;from=9460282
69385 page=4 next=
408257 page=1 fetchUrl=https://acm.timus.ru/status.aspx?space=1&author=408257&count=100&locale=en
408257 page=1 pageSubmissions=81
408257 page=1 submissionsAfterChallengeStart=81
408257 page=1 nextHref=
408257 page=1 next=
408279 page=1 fetchUrl=https://acm.timus.ru/status.aspx?space=1&author=408279&count=100&locale=en
408279 page=1 pageSubmissions=1
408279 page=1 submissionsAfterChallengeStart=1
408279 page=1 nextHref=
408279 page=1 next=
408277 page=1 fetchUrl=https://acm.timus.ru/status.aspx?space=1&author=408277&count=100&locale=en
408277 page=1 pageSubmissions=6
408277 page=1 submissionsAfterChallengeStart=6
408277 page=1 nextHref=
408277 page=1 next=
408280 page=1 fetchUrl=https://acm.timus.ru/status.aspx?space=1&author=408280&count=100&locale=en
408280 page=1 pageSubmissions=26
408280 page=1 submissionsAfterChallengeStart=26
408280 page=1 nextHref=
408280 page=1 next=
408281 page=1 fetchUrl=https://acm.timus.ru/status.aspx?space=1&author=408281&count=100&locale=en
408281 page=1 pageSubmissions=0
408281 page=1 submissionsAfterChallengeStart=0
408281 page=1 nextHref=
408281 page=1 next=
408282 page=1 fetchUrl=https://acm.timus.ru/status.aspx?space=1&author=408282&count=100&locale=en
408282 page=1 pageSubmissions=3
408282 page=1 submissionsAfterChallengeStart=3
408282 page=1 nextHref=
408282 page=1 next=
408283 page=1 fetchUrl=https://acm.timus.ru/status.aspx?space=1&author=408283&count=100&locale=en
408283 page=1 pageSubmissions=51
408283 page=1 submissionsAfterChallengeStart=51
408283 page=1 nextHref=
408283 page=1 next=
408292 page=1 fetchUrl=https://acm.timus.ru/status.aspx?space=1&author=408292&count=100&locale=en
408292 page=1 pageSubmissions=55
408292 page=1 submissionsAfterChallengeStart=55
408292 page=1 nextHref=
408292 page=1 next=
408293 page=1 fetchUrl=https://acm.timus.ru/status.aspx?space=1&author=408293&count=100&locale=en
408293 page=1 pageSubmissions=14
408293 page=1 submissionsAfterChallengeStart=14
408293 page=1 nextHref=
408293 page=1 next=
408296 page=1 fetchUrl=https://acm.timus.ru/status.aspx?space=1&author=408296&count=100&locale=en
408296 page=1 pageSubmissions=32
408296 page=1 submissionsAfterChallengeStart=32
408296 page=1 nextHref=
408296 page=1 next=
408294 page=1 fetchUrl=https://acm.timus.ru/status.aspx?space=1&author=408294&count=100&locale=en
408294 page=1 pageSubmissions=28
408294 page=1 submissionsAfterChallengeStart=28
408294 page=1 nextHref=
408294 page=1 next=
408298 page=1 fetchUrl=https://acm.timus.ru/status.aspx?space=1&author=408298&count=100&locale=en
408298 page=1 pageSubmissions=20
408298 page=1 submissionsAfterChallengeStart=20
408298 page=1 nextHref=
408298 page=1 next=
408303 page=1 fetchUrl=https://acm.timus.ru/status.aspx?space=1&author=408303&count=100&locale=en
408303 page=1 pageSubmissions=91
408303 page=1 submissionsAfterChallengeStart=91
408303 page=1 nextHref=
408303 page=1 next=
408307 page=1 fetchUrl=https://acm.timus.ru/status.aspx?space=1&author=408307&count=100&locale=en
408307 page=1 pageSubmissions=3
408307 page=1 submissionsAfterChallengeStart=3
408307 page=1 nextHref=
408307 page=1 next=
408311 page=1 fetchUrl=https://acm.timus.ru/status.aspx?space=1&author=408311&count=100&locale=en
408311 page=1 pageSubmissions=5
408311 page=1 submissionsAfterChallengeStart=5
408311 page=1 nextHref=
408311 page=1 next=
408323 page=1 fetchUrl=https://acm.timus.ru/status.aspx?space=1&author=408323&count=100&locale=en
408323 page=1 pageSubmissions=21
408323 page=1 submissionsAfterChallengeStart=21
408323 page=1 nextHref=
408323 page=1 next=
408301 page=1 fetchUrl=https://acm.timus.ru/status.aspx?space=1&author=408301&count=100&locale=en
408301 page=1 pageSubmissions=14
408301 page=1 submissionsAfterChallengeStart=14
408301 page=1 nextHref=
408301 page=1 next=
408326 page=1 fetchUrl=https://acm.timus.ru/status.aspx?space=1&author=408326&count=100&locale=en
408326 page=1 pageSubmissions=12
408326 page=1 submissionsAfterChallengeStart=12
408326 page=1 nextHref=
408326 page=1 next=
# 2026-08-27T00:21:25.261Z
69385 page=1 fetchUrl=https://acm.timus.ru/status.aspx?space=1&author=69385&count=100&locale=en
69385 page=1 pageSubmissions=100
69385 page=1 submissionsAfterChallengeStart=100
69385 page=1 nextHref=status.aspx?space=1&amp;author=69385&amp;from=11241301
69385 page=1 next=/status.aspx?space=1&author=69385&from=11241301
69385 page=2 fetchUrl=https://acm.timus.ru/status.aspx?space=1&author=69385&from=11241301
69385 page=2 pageSubmissions=10
69385 page=2 submissionsAfterChallengeStart=10
69385 page=2 nextHref=status.aspx?space=1&amp;author=69385&amp;from=11240680
69385 page=2 next=/status.aspx?space=1&author=69385&from=11240680
69385 page=3 fetchUrl=https://acm.timus.ru/status.aspx?space=1&author=69385&from=11240680
69385 page=3 pageSubmissions=10
69385 page=3 submissionsAfterChallengeStart=10
69385 page=3 nextHref=status.aspx?space=1&amp;author=69385&amp;from=11240576
69385 page=3 next=/status.aspx?space=1&author=69385&from=11240576
69385 page=4 fetchUrl=https://acm.timus.ru/status.aspx?space=1&author=69385&from=11240576
69385 page=4 pageSubmissions=10
69385 page=4 submissionsAfterChallengeStart=5
69385 page=4 nextHref=status.aspx?space=1&amp;author=69385&amp;from=9460282
69385 page=4 next=
408257 page=1 fetchUrl=https://acm.timus.ru/status.aspx?space=1&author=408257&count=100&locale=en
408257 page=1 pageSubmissions=81
408257 page=1 submissionsAfterChallengeStart=81
408257 page=1 nextHref=
408257 page=1 next=
408279 page=1 fetchUrl=https://acm.timus.ru/status.aspx?space=1&author=408279&count=100&locale=en
408279 page=1 pageSubmissions=1
408279 page=1 submissionsAfterChallengeStart=1
408279 page=1 nextHref=
408279 page=1 next=
408277 page=1 fetchUrl=https://acm.timus.ru/status.aspx?space=1&author=408277&count=100&locale=en
408277 page=1 pageSubmissions=6
408277 page=1 submissionsAfterChallengeStart=6
408277 page=1 nextHref=
408277 page=1 next=
408280 page=1 fetchUrl=https://acm.timus.ru/status.aspx?space=1&author=408280&count=100&locale=en
408280 page=1 pageSubmissions=26
408280 page=1 submissionsAfterChallengeStart=26
408280 page=1 nextHref=
408280 page=1 next=
408281 page=1 fetchUrl=https://acm.timus.ru/status.aspx?space=1&author=408281&count=100&locale=en
408281 page=1 pageSubmissions=0
408281 page=1 submissionsAfterChallengeStart=0
408281 page=1 nextHref=
408281 page=1 next=
408282 page=1 fetchUrl=https://acm.timus.ru/status.aspx?space=1&author=408282&count=100&locale=en
408282 page=1 pageSubmissions=3
408282 page=1 submissionsAfterChallengeStart=3
408282 page=1 nextHref=
408282 page=1 next=
408283 page=1 fetchUrl=https://acm.timus.ru/status.aspx?space=1&author=408283&count=100&locale=en
408283 page=1 pageSubmissions=51
408283 page=1 submissionsAfterChallengeStart=51
408283 page=1 nextHref=
408283 page=1 next=
408292 page=1 fetchUrl=https://acm.timus.ru/status.aspx?space=1&author=408292&count=100&locale=en
408292 page=1 pageSubmissions=55
408292 page=1 submissionsAfterChallengeStart=55
408292 page=1 nextHref=
408292 page=1 next=
408293 page=1 fetchUrl=https://acm.timus.ru/status.aspx?space=1&author=408293&count=100&locale=en
408293 page=1 pageSubmissions=14
408293 page=1 submissionsAfterChallengeStart=14
408293 page=1 nextHref=
408293 page=1 next=
408296 page=1 fetchUrl=https://acm.timus.ru/status.aspx?space=1&author=408296&count=100&locale=en
408296 page=1 pageSubmissions=32
408296 page=1 submissionsAfterChallengeStart=32
408296 page=1 nextHref=
408296 page=1 next=
408294 page=1 fetchUrl=https://acm.timus.ru/status.aspx?space=1&author=408294&count=100&locale=en
408294 page=1 pageSubmissions=28
408294 page=1 submissionsAfterChallengeStart=28
408294 page=1 nextHref=
408294 page=1 next=
408298 page=1 fetchUrl=https://acm.timus.ru/status.aspx?space=1&author=408298&count=100&locale=en
408298 page=1 pageSubmissions=20
408298 page=1 submissionsAfterChallengeStart=20
408298 page=1 nextHref=
408298 page=1 next=
408303 page=1 fetchUrl=https://acm.timus.ru/status.aspx?space=1&author=408303&count=100&locale=en
408303 page=1 pageSubmissions=91
408303 page=1 submissionsAfterChallengeStart=91
408303 page=1 nextHref=
408303 page=1 next=
408307 page=1 fetchUrl=https://acm.timus.ru/status.aspx?space=1&author=408307&count=100&locale=en
408307 page=1 pageSubmissions=3
408307 page=1 submissionsAfterChallengeStart=3
408307 page=1 nextHref=
408307 page=1 next=
408311 page=1 fetchUrl=https://acm.timus.ru/status.aspx?space=1&author=408311&count=100&locale=en
408311 page=1 pageSubmissions=5
408311 page=1 submissionsAfterChallengeStart=5
408311 page=1 nextHref=
408311 page=1 next=
408323 page=1 fetchUrl=https://acm.timus.ru/status.aspx?space=1&author=408323&count=100&locale=en
408323 page=1 pageSubmissions=21
408323 page=1 submissionsAfterChallengeStart=21
408323 page=1 nextHref=
408323 page=1 next=
408301 page=1 fetchUrl=https://acm.timus.ru/status.aspx?space=1&author=408301&count=100&locale=en
408301 page=1 pageSubmissions=14
408301 page=1 submissionsAfterChallengeStart=14
408301 page=1 nextHref=
408301 page=1 next=
408326 page=1 fetchUrl=https://acm.timus.ru/status.aspx?space=1&author=408326&count=100&locale=en
408326 page=1 pageSubmissions=12
408326 page=1 submissionsAfterChallengeStart=12
408326 page=1 nextHref=
408326 page=1 next=
# 2026-08-27T00:26:27.326Z
69385 page=1 fetchUrl=https://acm.timus.ru/status.aspx?space=1&author=69385&count=100&locale=en
69385 page=1 pageSubmissions=100
69385 page=1 submissionsAfterChallengeStart=100
69385 page=1 nextHref=status.aspx?space=1&amp;author=69385&amp;from=11241301
69385 page=1 next=/status.aspx?space=1&author=69385&from=11241301
69385 page=2 fetchUrl=https://acm.timus.ru/status.aspx?space=1&author=69385&from=11241301
69385 page=2 pageSubmissions=10
69385 page=2 submissionsAfterChallengeStart=10
69385 page=2 nextHref=status.aspx?space=1&amp;author=69385&amp;from=11240680
69385 page=2 next=/status.aspx?space=1&author=69385&from=11240680
69385 page=3 fetchUrl=https://acm.timus.ru/status.aspx?space=1&author=69385&from=11240680
69385 page=3 pageSubmissions=10
69385 page=3 submissionsAfterChallengeStart=10
69385 page=3 nextHref=status.aspx?space=1&amp;author=69385&amp;from=11240576
69385 page=3 next=/status.aspx?space=1&author=69385&from=11240576
69385 page=4 fetchUrl=https://acm.timus.ru/status.aspx?space=1&author=69385&from=11240576
69385 page=4 pageSubmissions=10
69385 page=4 submissionsAfterChallengeStart=5
69385 page=4 nextHref=status.aspx?space=1&amp;author=69385&amp;from=9460282
69385 page=4 next=
408257 page=1 fetchUrl=https://acm.timus.ru/status.aspx?space=1&author=408257&count=100&locale=en
408257 page=1 pageSubmissions=81
408257 page=1 submissionsAfterChallengeStart=81
408257 page=1 nextHref=
408257 page=1 next=
408279 page=1 fetchUrl=https://acm.timus.ru/status.aspx?space=1&author=408279&count=100&locale=en
408279 page=1 pageSubmissions=1
408279 page=1 submissionsAfterChallengeStart=1
408279 page=1 nextHref=
408279 page=1 next=
408277 page=1 fetchUrl=https://acm.timus.ru/status.aspx?space=1&author=408277&count=100&locale=en
408277 page=1 pageSubmissions=6
408277 page=1 submissionsAfterChallengeStart=6
408277 page=1 nextHref=
408277 page=1 next=
408280 page=1 fetchUrl=https://acm.timus.ru/status.aspx?space=1&author=408280&count=100&locale=en
408280 page=1 pageSubmissions=26
408280 page=1 submissionsAfterChallengeStart=26
408280 page=1 nextHref=
408280 page=1 next=
408281 page=1 fetchUrl=https://acm.timus.ru/status.aspx?space=1&author=408281&count=100&locale=en
408281 page=1 pageSubmissions=0
408281 page=1 submissionsAfterChallengeStart=0
408281 page=1 nextHref=
408281 page=1 next=
408282 page=1 fetchUrl=https://acm.timus.ru/status.aspx?space=1&author=408282&count=100&locale=en
408282 page=1 pageSubmissions=3
408282 page=1 submissionsAfterChallengeStart=3
408282 page=1 nextHref=
408282 page=1 next=
408283 page=1 fetchUrl=https://acm.timus.ru/status.aspx?space=1&author=408283&count=100&locale=en
408283 page=1 pageSubmissions=51
408283 page=1 submissionsAfterChallengeStart=51
408283 page=1 nextHref=
408283 page=1 next=
408292 page=1 fetchUrl=https://acm.timus.ru/status.aspx?space=1&author=408292&count=100&locale=en
408292 page=1 pageSubmissions=55
408292 page=1 submissionsAfterChallengeStart=55
408292 page=1 nextHref=
408292 page=1 next=
408293 page=1 fetchUrl=https://acm.timus.ru/status.aspx?space=1&author=408293&count=100&locale=en
408293 page=1 pageSubmissions=14
408293 page=1 submissionsAfterChallengeStart=14
408293 page=1 nextHref=
408293 page=1 next=
408296 page=1 fetchUrl=https://acm.timus.ru/status.aspx?space=1&author=408296&count=100&locale=en
408296 page=1 pageSubmissions=32
408296 page=1 submissionsAfterChallengeStart=32
408296 page=1 nextHref=
408296 page=1 next=
408294 page=1 fetchUrl=https://acm.timus.ru/status.aspx?space=1&author=408294&count=100&locale=en
408294 page=1 pageSubmissions=28
408294 page=1 submissionsAfterChallengeStart=28
408294 page=1 nextHref=
408294 page=1 next=
408298 page=1 fetchUrl=https://acm.timus.ru/status.aspx?space=1&author=408298&count=100&locale=en
408298 page=1 pageSubmissions=20
408298 page=1 submissionsAfterChallengeStart=20
408298 page=1 nextHref=
408298 page=1 next=
408303 page=1 fetchUrl=https://acm.timus.ru/status.aspx?space=1&author=408303&count=100&locale=en
408303 page=1 pageSubmissions=91
408303 page=1 submissionsAfterChallengeStart=91
408303 page=1 nextHref=
408303 page=1 next=
408307 page=1 fetchUrl=https://acm.timus.ru/status.aspx?space=1&author=408307&count=100&locale=en
408307 page=1 pageSubmissions=3
408307 page=1 submissionsAfterChallengeStart=3
408307 page=1 nextHref=
408307 page=1 next=
408311 page=1 fetchUrl=https://acm.timus.ru/status.aspx?space=1&author=408311&count=100&locale=en
408311 page=1 pageSubmissions=5
408311 page=1 submissionsAfterChallengeStart=5
408311 page=1 nextHref=
408311 page=1 next=
408323 page=1 fetchUrl=https://acm.timus.ru/status.aspx?space=1&author=408323&count=100&locale=en
408323 page=1 pageSubmissions=21
408323 page=1 submissionsAfterChallengeStart=21
408323 page=1 nextHref=
408323 page=1 next=
408301 page=1 fetchUrl=https://acm.timus.ru/status.aspx?space=1&author=408301&count=100&locale=en
408301 page=1 pageSubmissions=14
408301 page=1 submissionsAfterChallengeStart=14
408301 page=1 nextHref=
408301 page=1 next=
408326 page=1 fetchUrl=https://acm.timus.ru/status.aspx?space=1&author=408326&count=100&locale=en
408326 page=1 pageSubmissions=12
408326 page=1 submissionsAfterChallengeStart=12
408326 page=1 nextHref=
408326 page=1 next=
# 2026-08-27T00:31:23.585Z
69385 page=1 fetchUrl=https://acm.timus.ru/status.aspx?space=1&author=69385&count=100&locale=en
69385 page=1 pageSubmissions=100
69385 page=1 submissionsAfterChallengeStart=100
69385 page=1 nextHref=status.aspx?space=1&amp;author=69385&amp;from=11241301
69385 page=1 next=/status.aspx?space=1&author=69385&from=11241301
69385 page=2 fetchUrl=https://acm.timus.ru/status.aspx?space=1&author=69385&from=11241301
69385 page=2 pageSubmissions=10
69385 page=2 submissionsAfterChallengeStart=10
69385 page=2 nextHref=status.aspx?space=1&amp;author=69385&amp;from=11240680
69385 page=2 next=/status.aspx?space=1&author=69385&from=11240680
69385 page=3 fetchUrl=https://acm.timus.ru/status.aspx?space=1&author=69385&from=11240680
69385 page=3 pageSubmissions=10
69385 page=3 submissionsAfterChallengeStart=10
69385 page=3 nextHref=status.aspx?space=1&amp;author=69385&amp;from=11240576
69385 page=3 next=/status.aspx?space=1&author=69385&from=11240576
69385 page=4 fetchUrl=https://acm.timus.ru/status.aspx?space=1&author=69385&from=11240576
69385 page=4 pageSubmissions=10
69385 page=4 submissionsAfterChallengeStart=5
69385 page=4 nextHref=status.aspx?space=1&amp;author=69385&amp;from=9460282
69385 page=4 next=
408257 page=1 fetchUrl=https://acm.timus.ru/status.aspx?space=1&author=408257&count=100&locale=en
408257 page=1 pageSubmissions=81
408257 page=1 submissionsAfterChallengeStart=81
408257 page=1 nextHref=
408257 page=1 next=
408279 page=1 fetchUrl=https://acm.timus.ru/status.aspx?space=1&author=408279&count=100&locale=en
408279 page=1 pageSubmissions=1
408279 page=1 submissionsAfterChallengeStart=1
408279 page=1 nextHref=
408279 page=1 next=
408277 page=1 fetchUrl=https://acm.timus.ru/status.aspx?space=1&author=408277&count=100&locale=en
408277 page=1 pageSubmissions=6
408277 page=1 submissionsAfterChallengeStart=6
408277 page=1 nextHref=
408277 page=1 next=
408280 page=1 fetchUrl=https://acm.timus.ru/status.aspx?space=1&author=408280&count=100&locale=en
408280 page=1 pageSubmissions=26
408280 page=1 submissionsAfterChallengeStart=26
408280 page=1 nextHref=
408280 page=1 next=
408281 page=1 fetchUrl=https://acm.timus.ru/status.aspx?space=1&author=408281&count=100&locale=en
408281 page=1 pageSubmissions=0
408281 page=1 submissionsAfterChallengeStart=0
408281 page=1 nextHref=
408281 page=1 next=
408282 page=1 fetchUrl=https://acm.timus.ru/status.aspx?space=1&author=408282&count=100&locale=en
408282 page=1 pageSubmissions=3
408282 page=1 submissionsAfterChallengeStart=3
408282 page=1 nextHref=
408282 page=1 next=
408283 page=1 fetchUrl=https://acm.timus.ru/status.aspx?space=1&author=408283&count=100&locale=en
408283 page=1 pageSubmissions=51
408283 page=1 submissionsAfterChallengeStart=51
408283 page=1 nextHref=
408283 page=1 next=
408292 page=1 fetchUrl=https://acm.timus.ru/status.aspx?space=1&author=408292&count=100&locale=en
408292 page=1 pageSubmissions=55
408292 page=1 submissionsAfterChallengeStart=55
408292 page=1 nextHref=
408292 page=1 next=
408293 page=1 fetchUrl=https://acm.timus.ru/status.aspx?space=1&author=408293&count=100&locale=en
408293 page=1 pageSubmissions=14
408293 page=1 submissionsAfterChallengeStart=14
408293 page=1 nextHref=
408293 page=1 next=
408296 page=1 fetchUrl=https://acm.timus.ru/status.aspx?space=1&author=408296&count=100&locale=en
408296 page=1 pageSubmissions=32
408296 page=1 submissionsAfterChallengeStart=32
408296 page=1 nextHref=
408296 page=1 next=
408294 page=1 fetchUrl=https://acm.timus.ru/status.aspx?space=1&author=408294&count=100&locale=en
408294 page=1 pageSubmissions=28
408294 page=1 submissionsAfterChallengeStart=28
408294 page=1 nextHref=
408294 page=1 next=
408298 page=1 fetchUrl=https://acm.timus.ru/status.aspx?space=1&author=408298&count=100&locale=en
408298 page=1 pageSubmissions=20
408298 page=1 submissionsAfterChallengeStart=20
408298 page=1 nextHref=
408298 page=1 next=
408303 page=1 fetchUrl=https://acm.timus.ru/status.aspx?space=1&author=408303&count=100&locale=en
408303 page=1 pageSubmissions=91
408303 page=1 submissionsAfterChallengeStart=91
408303 page=1 nextHref=
408303 page=1 next=
408307 page=1 fetchUrl=https://acm.timus.ru/status.aspx?space=1&author=408307&count=100&locale=en
408307 page=1 pageSubmissions=3
408307 page=1 submissionsAfterChallengeStart=3
408307 page=1 nextHref=
408307 page=1 next=
408311 page=1 fetchUrl=https://acm.timus.ru/status.aspx?space=1&author=408311&count=100&locale=en
408311 page=1 pageSubmissions=5
408311 page=1 submissionsAfterChallengeStart=5
408311 page=1 nextHref=
408311 page=1 next=
408323 page=1 fetchUrl=https://acm.timus.ru/status.aspx?space=1&author=408323&count=100&locale=en
408323 page=1 pageSubmissions=21
408323 page=1 submissionsAfterChallengeStart=21
408323 page=1 nextHref=
408323 page=1 next=
408301 page=1 fetchUrl=https://acm.timus.ru/status.aspx?space=1&author=408301&count=100&locale=en
408301 page=1 pageSubmissions=14
408301 page=1 submissionsAfterChallengeStart=14
408301 page=1 nextHref=
408301 page=1 next=
408326 page=1 fetchUrl=https://acm.timus.ru/status.aspx?space=1&author=408326&count=100&locale=en
408326 page=1 pageSubmissions=12
408326 page=1 submissionsAfterChallengeStart=12
408326 page=1 nextHref=
408326 page=1 next=
# 2026-08-27T00:36:22.948Z
69385 page=1 fetchUrl=https://acm.timus.ru/status.aspx?space=1&author=69385&count=100&locale=en
69385 page=1 pageSubmissions=100
69385 page=1 submissionsAfterChallengeStart=100
69385 page=1 nextHref=status.aspx?space=1&amp;author=69385&amp;from=11241301
69385 page=1 next=/status.aspx?space=1&author=69385&from=11241301
69385 page=2 fetchUrl=https://acm.timus.ru/status.aspx?space=1&author=69385&from=11241301
69385 page=2 pageSubmissions=10
69385 page=2 submissionsAfterChallengeStart=10
69385 page=2 nextHref=status.aspx?space=1&amp;author=69385&amp;from=11240680
69385 page=2 next=/status.aspx?space=1&author=69385&from=11240680
69385 page=3 fetchUrl=https://acm.timus.ru/status.aspx?space=1&author=69385&from=11240680
69385 page=3 pageSubmissions=10
69385 page=3 submissionsAfterChallengeStart=10
69385 page=3 nextHref=status.aspx?space=1&amp;author=69385&amp;from=11240576
69385 page=3 next=/status.aspx?space=1&author=69385&from=11240576
69385 page=4 fetchUrl=https://acm.timus.ru/status.aspx?space=1&author=69385&from=11240576
69385 page=4 pageSubmissions=10
69385 page=4 submissionsAfterChallengeStart=5
69385 page=4 nextHref=status.aspx?space=1&amp;author=69385&amp;from=9460282
69385 page=4 next=
408257 page=1 fetchUrl=https://acm.timus.ru/status.aspx?space=1&author=408257&count=100&locale=en
408257 page=1 pageSubmissions=81
408257 page=1 submissionsAfterChallengeStart=81
408257 page=1 nextHref=
408257 page=1 next=
408279 page=1 fetchUrl=https://acm.timus.ru/status.aspx?space=1&author=408279&count=100&locale=en
408279 page=1 pageSubmissions=1
408279 page=1 submissionsAfterChallengeStart=1
408279 page=1 nextHref=
408279 page=1 next=
408277 page=1 fetchUrl=https://acm.timus.ru/status.aspx?space=1&author=408277&count=100&locale=en
408277 page=1 pageSubmissions=6
408277 page=1 submissionsAfterChallengeStart=6
408277 page=1 nextHref=
408277 page=1 next=
408280 page=1 fetchUrl=https://acm.timus.ru/status.aspx?space=1&author=408280&count=100&locale=en
408280 page=1 pageSubmissions=26
408280 page=1 submissionsAfterChallengeStart=26
408280 page=1 nextHref=
408280 page=1 next=
408281 page=1 fetchUrl=https://acm.timus.ru/status.aspx?space=1&author=408281&count=100&locale=en
408281 page=1 pageSubmissions=0
408281 page=1 submissionsAfterChallengeStart=0
408281 page=1 nextHref=
408281 page=1 next=
408282 page=1 fetchUrl=https://acm.timus.ru/status.aspx?space=1&author=408282&count=100&locale=en
408282 page=1 pageSubmissions=3
408282 page=1 submissionsAfterChallengeStart=3
408282 page=1 nextHref=
408282 page=1 next=
408283 page=1 fetchUrl=https://acm.timus.ru/status.aspx?space=1&author=408283&count=100&locale=en
408283 page=1 pageSubmissions=51
408283 page=1 submissionsAfterChallengeStart=51
408283 page=1 nextHref=
408283 page=1 next=
408292 page=1 fetchUrl=https://acm.timus.ru/status.aspx?space=1&author=408292&count=100&locale=en
408292 page=1 pageSubmissions=55
408292 page=1 submissionsAfterChallengeStart=55
408292 page=1 nextHref=
408292 page=1 next=
408293 page=1 fetchUrl=https://acm.timus.ru/status.aspx?space=1&author=408293&count=100&locale=en
408293 page=1 pageSubmissions=14
408293 page=1 submissionsAfterChallengeStart=14
408293 page=1 nextHref=
408293 page=1 next=
408296 page=1 fetchUrl=https://acm.timus.ru/status.aspx?space=1&author=408296&count=100&locale=en
408296 page=1 pageSubmissions=32
408296 page=1 submissionsAfterChallengeStart=32
408296 page=1 nextHref=
408296 page=1 next=
408294 page=1 fetchUrl=https://acm.timus.ru/status.aspx?space=1&author=408294&count=100&locale=en
408294 page=1 pageSubmissions=28
408294 page=1 submissionsAfterChallengeStart=28
408294 page=1 nextHref=
408294 page=1 next=
408298 page=1 fetchUrl=https://acm.timus.ru/status.aspx?space=1&author=408298&count=100&locale=en
408298 page=1 pageSubmissions=20
408298 page=1 submissionsAfterChallengeStart=20
408298 page=1 nextHref=
408298 page=1 next=
408303 page=1 fetchUrl=https://acm.timus.ru/status.aspx?space=1&author=408303&count=100&locale=en
408303 page=1 pageSubmissions=91
408303 page=1 submissionsAfterChallengeStart=91
408303 page=1 nextHref=
408303 page=1 next=
408307 page=1 fetchUrl=https://acm.timus.ru/status.aspx?space=1&author=408307&count=100&locale=en
408307 page=1 pageSubmissions=3
408307 page=1 submissionsAfterChallengeStart=3
408307 page=1 nextHref=
408307 page=1 next=
408311 page=1 fetchUrl=https://acm.timus.ru/status.aspx?space=1&author=408311&count=100&locale=en
408311 page=1 pageSubmissions=5
408311 page=1 submissionsAfterChallengeStart=5
408311 page=1 nextHref=
408311 page=1 next=
408323 page=1 fetchUrl=https://acm.timus.ru/status.aspx?space=1&author=408323&count=100&locale=en
408323 page=1 pageSubmissions=21
408323 page=1 submissionsAfterChallengeStart=21
408323 page=1 nextHref=
408323 page=1 next=
408301 page=1 fetchUrl=https://acm.timus.ru/status.aspx?space=1&author=408301&count=100&locale=en
408301 page=1 pageSubmissions=14
408301 page=1 submissionsAfterChallengeStart=14
408301 page=1 nextHref=
408301 page=1 next=
408326 page=1 fetchUrl=https://acm.timus.ru/status.aspx?space=1&author=408326&count=100&locale=en
408326 page=1 pageSubmissions=12
408326 page=1 submissionsAfterChallengeStart=12
408326 page=1 nextHref=
408326 page=1 next=
# 2026-08-27T00:41:25.975Z
69385 page=1 fetchUrl=https://acm.timus.ru/status.aspx?space=1&author=69385&count=100&locale=en
69385 page=1 pageSubmissions=100
69385 page=1 submissionsAfterChallengeStart=100
69385 page=1 nextHref=status.aspx?space=1&amp;author=69385&amp;from=11241301
69385 page=1 next=/status.aspx?space=1&author=69385&from=11241301
69385 page=2 fetchUrl=https://acm.timus.ru/status.aspx?space=1&author=69385&from=11241301
69385 page=2 pageSubmissions=10
69385 page=2 submissionsAfterChallengeStart=10
69385 page=2 nextHref=status.aspx?space=1&amp;author=69385&amp;from=11240680
69385 page=2 next=/status.aspx?space=1&author=69385&from=11240680
69385 page=3 fetchUrl=https://acm.timus.ru/status.aspx?space=1&author=69385&from=11240680
69385 page=3 pageSubmissions=10
69385 page=3 submissionsAfterChallengeStart=10
69385 page=3 nextHref=status.aspx?space=1&amp;author=69385&amp;from=11240576
69385 page=3 next=/status.aspx?space=1&author=69385&from=11240576
69385 page=4 fetchUrl=https://acm.timus.ru/status.aspx?space=1&author=69385&from=11240576
69385 page=4 pageSubmissions=10
69385 page=4 submissionsAfterChallengeStart=5
69385 page=4 nextHref=status.aspx?space=1&amp;author=69385&amp;from=9460282
69385 page=4 next=
408257 page=1 fetchUrl=https://acm.timus.ru/status.aspx?space=1&author=408257&count=100&locale=en
408257 page=1 pageSubmissions=81
408257 page=1 submissionsAfterChallengeStart=81
408257 page=1 nextHref=
408257 page=1 next=
408279 page=1 fetchUrl=https://acm.timus.ru/status.aspx?space=1&author=408279&count=100&locale=en
408279 page=1 pageSubmissions=1
408279 page=1 submissionsAfterChallengeStart=1
408279 page=1 nextHref=
408279 page=1 next=
408277 page=1 fetchUrl=https://acm.timus.ru/status.aspx?space=1&author=408277&count=100&locale=en
408277 page=1 pageSubmissions=6
408277 page=1 submissionsAfterChallengeStart=6
408277 page=1 nextHref=
408277 page=1 next=
408280 page=1 fetchUrl=https://acm.timus.ru/status.aspx?space=1&author=408280&count=100&locale=en
408280 page=1 pageSubmissions=26
408280 page=1 submissionsAfterChallengeStart=26
408280 page=1 nextHref=
408280 page=1 next=
408281 page=1 fetchUrl=https://acm.timus.ru/status.aspx?space=1&author=408281&count=100&locale=en
408281 page=1 pageSubmissions=0
408281 page=1 submissionsAfterChallengeStart=0
408281 page=1 nextHref=
408281 page=1 next=
408282 page=1 fetchUrl=https://acm.timus.ru/status.aspx?space=1&author=408282&count=100&locale=en
408282 page=1 pageSubmissions=3
408282 page=1 submissionsAfterChallengeStart=3
408282 page=1 nextHref=
408282 page=1 next=
408283 page=1 fetchUrl=https://acm.timus.ru/status.aspx?space=1&author=408283&count=100&locale=en
408283 page=1 pageSubmissions=51
408283 page=1 submissionsAfterChallengeStart=51
408283 page=1 nextHref=
408283 page=1 next=
408292 page=1 fetchUrl=https://acm.timus.ru/status.aspx?space=1&author=408292&count=100&locale=en
408292 page=1 pageSubmissions=55
408292 page=1 submissionsAfterChallengeStart=55
408292 page=1 nextHref=
408292 page=1 next=
408293 page=1 fetchUrl=https://acm.timus.ru/status.aspx?space=1&author=408293&count=100&locale=en
408293 page=1 pageSubmissions=14
408293 page=1 submissionsAfterChallengeStart=14
408293 page=1 nextHref=
408293 page=1 next=
408296 page=1 fetchUrl=https://acm.timus.ru/status.aspx?space=1&author=408296&count=100&locale=en
408296 page=1 pageSubmissions=32
408296 page=1 submissionsAfterChallengeStart=32
408296 page=1 nextHref=
408296 page=1 next=
408294 page=1 fetchUrl=https://acm.timus.ru/status.aspx?space=1&author=408294&count=100&locale=en
408294 page=1 pageSubmissions=28
408294 page=1 submissionsAfterChallengeStart=28
408294 page=1 nextHref=
408294 page=1 next=
408298 page=1 fetchUrl=https://acm.timus.ru/status.aspx?space=1&author=408298&count=100&locale=en
408298 page=1 pageSubmissions=20
408298 page=1 submissionsAfterChallengeStart=20
408298 page=1 nextHref=
408298 page=1 next=
408303 page=1 fetchUrl=https://acm.timus.ru/status.aspx?space=1&author=408303&count=100&locale=en
408303 page=1 pageSubmissions=91
408303 page=1 submissionsAfterChallengeStart=91
408303 page=1 nextHref=
408303 page=1 next=
408307 page=1 fetchUrl=https://acm.timus.ru/status.aspx?space=1&author=408307&count=100&locale=en
408307 page=1 pageSubmissions=3
408307 page=1 submissionsAfterChallengeStart=3
408307 page=1 nextHref=
408307 page=1 next=
408311 page=1 fetchUrl=https://acm.timus.ru/status.aspx?space=1&author=408311&count=100&locale=en
408311 page=1 pageSubmissions=5
408311 page=1 submissionsAfterChallengeStart=5
408311 page=1 nextHref=
408311 page=1 next=
408323 page=1 fetchUrl=https://acm.timus.ru/status.aspx?space=1&author=408323&count=100&locale=en
408323 page=1 pageSubmissions=21
408323 page=1 submissionsAfterChallengeStart=21
408323 page=1 nextHref=
408323 page=1 next=
408301 page=1 fetchUrl=https://acm.timus.ru/status.aspx?space=1&author=408301&count=100&locale=en
408301 page=1 pageSubmissions=14
408301 page=1 submissionsAfterChallengeStart=14
408301 page=1 nextHref=
408301 page=1 next=
408326 page=1 fetchUrl=https://acm.timus.ru/status.aspx?space=1&author=408326&count=100&locale=en
408326 page=1 pageSubmissions=12
408326 page=1 submissionsAfterChallengeStart=12
408326 page=1 nextHref=
408326 page=1 next=
# 2026-08-27T00:46:22.486Z
69385 page=1 fetchUrl=https://acm.timus.ru/status.aspx?space=1&author=69385&count=100&locale=en
69385 page=1 pageSubmissions=100
69385 page=1 submissionsAfterChallengeStart=100
69385 page=1 nextHref=status.aspx?space=1&amp;author=69385&amp;from=11241301
69385 page=1 next=/status.aspx?space=1&author=69385&from=11241301
69385 page=2 fetchUrl=https://acm.timus.ru/status.aspx?space=1&author=69385&from=11241301
69385 page=2 pageSubmissions=10
69385 page=2 submissionsAfterChallengeStart=10
69385 page=2 nextHref=status.aspx?space=1&amp;author=69385&amp;from=11240680
69385 page=2 next=/status.aspx?space=1&author=69385&from=11240680
69385 page=3 fetchUrl=https://acm.timus.ru/status.aspx?space=1&author=69385&from=11240680
69385 page=3 pageSubmissions=10
69385 page=3 submissionsAfterChallengeStart=10
69385 page=3 nextHref=status.aspx?space=1&amp;author=69385&amp;from=11240576
69385 page=3 next=/status.aspx?space=1&author=69385&from=11240576
69385 page=4 fetchUrl=https://acm.timus.ru/status.aspx?space=1&author=69385&from=11240576
69385 page=4 pageSubmissions=10
69385 page=4 submissionsAfterChallengeStart=5
69385 page=4 nextHref=status.aspx?space=1&amp;author=69385&amp;from=9460282
69385 page=4 next=
408257 page=1 fetchUrl=https://acm.timus.ru/status.aspx?space=1&author=408257&count=100&locale=en
408257 page=1 pageSubmissions=81
408257 page=1 submissionsAfterChallengeStart=81
408257 page=1 nextHref=
408257 page=1 next=
408279 page=1 fetchUrl=https://acm.timus.ru/status.aspx?space=1&author=408279&count=100&locale=en
408279 page=1 pageSubmissions=1
408279 page=1 submissionsAfterChallengeStart=1
408279 page=1 nextHref=
408279 page=1 next=
408277 page=1 fetchUrl=https://acm.timus.ru/status.aspx?space=1&author=408277&count=100&locale=en
408277 page=1 pageSubmissions=6
408277 page=1 submissionsAfterChallengeStart=6
408277 page=1 nextHref=
408277 page=1 next=
408280 page=1 fetchUrl=https://acm.timus.ru/status.aspx?space=1&author=408280&count=100&locale=en
408280 page=1 pageSubmissions=26
408280 page=1 submissionsAfterChallengeStart=26
408280 page=1 nextHref=
408280 page=1 next=
408281 page=1 fetchUrl=https://acm.timus.ru/status.aspx?space=1&author=408281&count=100&locale=en
408281 page=1 pageSubmissions=0
408281 page=1 submissionsAfterChallengeStart=0
408281 page=1 nextHref=
408281 page=1 next=
408282 page=1 fetchUrl=https://acm.timus.ru/status.aspx?space=1&author=408282&count=100&locale=en
408282 page=1 pageSubmissions=3
408282 page=1 submissionsAfterChallengeStart=3
408282 page=1 nextHref=
408282 page=1 next=
408283 page=1 fetchUrl=https://acm.timus.ru/status.aspx?space=1&author=408283&count=100&locale=en
408283 page=1 pageSubmissions=51
408283 page=1 submissionsAfterChallengeStart=51
408283 page=1 nextHref=
408283 page=1 next=
408292 page=1 fetchUrl=https://acm.timus.ru/status.aspx?space=1&author=408292&count=100&locale=en
408292 page=1 pageSubmissions=55
408292 page=1 submissionsAfterChallengeStart=55
408292 page=1 nextHref=
408292 page=1 next=
408293 page=1 fetchUrl=https://acm.timus.ru/status.aspx?space=1&author=408293&count=100&locale=en
408293 page=1 pageSubmissions=14
408293 page=1 submissionsAfterChallengeStart=14
408293 page=1 nextHref=
408293 page=1 next=
408296 page=1 fetchUrl=https://acm.timus.ru/status.aspx?space=1&author=408296&count=100&locale=en
408296 page=1 pageSubmissions=32
408296 page=1 submissionsAfterChallengeStart=32
408296 page=1 nextHref=
408296 page=1 next=
408294 page=1 fetchUrl=https://acm.timus.ru/status.aspx?space=1&author=408294&count=100&locale=en
408294 page=1 pageSubmissions=28
408294 page=1 submissionsAfterChallengeStart=28
408294 page=1 nextHref=
408294 page=1 next=
408298 page=1 fetchUrl=https://acm.timus.ru/status.aspx?space=1&author=408298&count=100&locale=en
408298 page=1 pageSubmissions=20
408298 page=1 submissionsAfterChallengeStart=20
408298 page=1 nextHref=
408298 page=1 next=
408303 page=1 fetchUrl=https://acm.timus.ru/status.aspx?space=1&author=408303&count=100&locale=en
408303 page=1 pageSubmissions=91
408303 page=1 submissionsAfterChallengeStart=91
408303 page=1 nextHref=
408303 page=1 next=
408307 page=1 fetchUrl=https://acm.timus.ru/status.aspx?space=1&author=408307&count=100&locale=en
408307 page=1 pageSubmissions=3
408307 page=1 submissionsAfterChallengeStart=3
408307 page=1 nextHref=
408307 page=1 next=
408311 page=1 fetchUrl=https://acm.timus.ru/status.aspx?space=1&author=408311&count=100&locale=en
408311 page=1 pageSubmissions=5
408311 page=1 submissionsAfterChallengeStart=5
408311 page=1 nextHref=
408311 page=1 next=
408323 page=1 fetchUrl=https://acm.timus.ru/status.aspx?space=1&author=408323&count=100&locale=en
408323 page=1 pageSubmissions=21
408323 page=1 submissionsAfterChallengeStart=21
408323 page=1 nextHref=
408323 page=1 next=
408301 page=1 fetchUrl=https://acm.timus.ru/status.aspx?space=1&author=408301&count=100&locale=en
408301 page=1 pageSubmissions=14
408301 page=1 submissionsAfterChallengeStart=14
408301 page=1 nextHref=
408301 page=1 next=
408326 page=1 fetchUrl=https://acm.timus.ru/status.aspx?space=1&author=408326&count=100&locale=en
408326 page=1 pageSubmissions=12
408326 page=1 submissionsAfterChallengeStart=12
408326 page=1 nextHref=
408326 page=1 next=
# 2026-08-27T00:51:30.696Z
69385 page=1 fetchUrl=https://acm.timus.ru/status.aspx?space=1&author=69385&count=100&locale=en
69385 page=1 pageSubmissions=100
69385 page=1 submissionsAfterChallengeStart=100
69385 page=1 nextHref=status.aspx?space=1&amp;author=69385&amp;from=11241301
69385 page=1 next=/status.aspx?space=1&author=69385&from=11241301
69385 page=2 fetchUrl=https://acm.timus.ru/status.aspx?space=1&author=69385&from=11241301
69385 page=2 pageSubmissions=10
69385 page=2 submissionsAfterChallengeStart=10
69385 page=2 nextHref=status.aspx?space=1&amp;author=69385&amp;from=11240680
69385 page=2 next=/status.aspx?space=1&author=69385&from=11240680
69385 page=3 fetchUrl=https://acm.timus.ru/status.aspx?space=1&author=69385&from=11240680
69385 page=3 pageSubmissions=10
69385 page=3 submissionsAfterChallengeStart=10
69385 page=3 nextHref=status.aspx?space=1&amp;author=69385&amp;from=11240576
69385 page=3 next=/status.aspx?space=1&author=69385&from=11240576
69385 page=4 fetchUrl=https://acm.timus.ru/status.aspx?space=1&author=69385&from=11240576
69385 page=4 pageSubmissions=10
69385 page=4 submissionsAfterChallengeStart=5
69385 page=4 nextHref=status.aspx?space=1&amp;author=69385&amp;from=9460282
69385 page=4 next=
408257 page=1 fetchUrl=https://acm.timus.ru/status.aspx?space=1&author=408257&count=100&locale=en
408257 page=1 pageSubmissions=81
408257 page=1 submissionsAfterChallengeStart=81
408257 page=1 nextHref=
408257 page=1 next=
408279 page=1 fetchUrl=https://acm.timus.ru/status.aspx?space=1&author=408279&count=100&locale=en
408279 page=1 pageSubmissions=1
408279 page=1 submissionsAfterChallengeStart=1
408279 page=1 nextHref=
408279 page=1 next=
408277 page=1 fetchUrl=https://acm.timus.ru/status.aspx?space=1&author=408277&count=100&locale=en
408277 page=1 pageSubmissions=6
408277 page=1 submissionsAfterChallengeStart=6
408277 page=1 nextHref=
408277 page=1 next=
408280 page=1 fetchUrl=https://acm.timus.ru/status.aspx?space=1&author=408280&count=100&locale=en
408280 page=1 pageSubmissions=26
408280 page=1 submissionsAfterChallengeStart=26
408280 page=1 nextHref=
408280 page=1 next=
408281 page=1 fetchUrl=https://acm.timus.ru/status.aspx?space=1&author=408281&count=100&locale=en
408281 page=1 pageSubmissions=0
408281 page=1 submissionsAfterChallengeStart=0
408281 page=1 nextHref=
408281 page=1 next=
408282 page=1 fetchUrl=https://acm.timus.ru/status.aspx?space=1&author=408282&count=100&locale=en
408282 page=1 pageSubmissions=3
408282 page=1 submissionsAfterChallengeStart=3
408282 page=1 nextHref=
408282 page=1 next=
408283 page=1 fetchUrl=https://acm.timus.ru/status.aspx?space=1&author=408283&count=100&locale=en
408283 page=1 pageSubmissions=51
408283 page=1 submissionsAfterChallengeStart=51
408283 page=1 nextHref=
408283 page=1 next=
408292 page=1 fetchUrl=https://acm.timus.ru/status.aspx?space=1&author=408292&count=100&locale=en
408292 page=1 pageSubmissions=55
408292 page=1 submissionsAfterChallengeStart=55
408292 page=1 nextHref=
408292 page=1 next=
408293 page=1 fetchUrl=https://acm.timus.ru/status.aspx?space=1&author=408293&count=100&locale=en
408293 page=1 pageSubmissions=14
408293 page=1 submissionsAfterChallengeStart=14
408293 page=1 nextHref=
408293 page=1 next=
408296 page=1 fetchUrl=https://acm.timus.ru/status.aspx?space=1&author=408296&count=100&locale=en
408296 page=1 pageSubmissions=32
408296 page=1 submissionsAfterChallengeStart=32
408296 page=1 nextHref=
408296 page=1 next=
408294 page=1 fetchUrl=https://acm.timus.ru/status.aspx?space=1&author=408294&count=100&locale=en
408294 page=1 pageSubmissions=28
408294 page=1 submissionsAfterChallengeStart=28
408294 page=1 nextHref=
408294 page=1 next=
408298 page=1 fetchUrl=https://acm.timus.ru/status.aspx?space=1&author=408298&count=100&locale=en
408298 page=1 pageSubmissions=20
408298 page=1 submissionsAfterChallengeStart=20
408298 page=1 nextHref=
408298 page=1 next=
408303 page=1 fetchUrl=https://acm.timus.ru/status.aspx?space=1&author=408303&count=100&locale=en
408303 page=1 pageSubmissions=91
408303 page=1 submissionsAfterChallengeStart=91
408303 page=1 nextHref=
408303 page=1 next=
408307 page=1 fetchUrl=https://acm.timus.ru/status.aspx?space=1&author=408307&count=100&locale=en
408307 page=1 pageSubmissions=3
408307 page=1 submissionsAfterChallengeStart=3
408307 page=1 nextHref=
408307 page=1 next=
408311 page=1 fetchUrl=https://acm.timus.ru/status.aspx?space=1&author=408311&count=100&locale=en
408311 page=1 pageSubmissions=5
408311 page=1 submissionsAfterChallengeStart=5
408311 page=1 nextHref=
408311 page=1 next=
408323 page=1 fetchUrl=https://acm.timus.ru/status.aspx?space=1&author=408323&count=100&locale=en
408323 page=1 pageSubmissions=21
408323 page=1 submissionsAfterChallengeStart=21
408323 page=1 nextHref=
408323 page=1 next=
408301 page=1 fetchUrl=https://acm.timus.ru/status.aspx?space=1&author=408301&count=100&locale=en
408301 page=1 pageSubmissions=14
408301 page=1 submissionsAfterChallengeStart=14
408301 page=1 nextHref=
408301 page=1 next=
408326 page=1 fetchUrl=https://acm.timus.ru/status.aspx?space=1&author=408326&count=100&locale=en
408326 page=1 pageSubmissions=12
408326 page=1 submissionsAfterChallengeStart=12
408326 page=1 nextHref=
408326 page=1 next=
# 2026-08-27T00:56:22.939Z
69385 page=1 fetchUrl=https://acm.timus.ru/status.aspx?space=1&author=69385&count=100&locale=en
69385 page=1 pageSubmissions=100
69385 page=1 submissionsAfterChallengeStart=100
69385 page=1 nextHref=status.aspx?space=1&amp;author=69385&amp;from=11241301
69385 page=1 next=/status.aspx?space=1&author=69385&from=11241301
69385 page=2 fetchUrl=https://acm.timus.ru/status.aspx?space=1&author=69385&from=11241301
69385 page=2 pageSubmissions=10
69385 page=2 submissionsAfterChallengeStart=10
69385 page=2 nextHref=status.aspx?space=1&amp;author=69385&amp;from=11240680
69385 page=2 next=/status.aspx?space=1&author=69385&from=11240680
69385 page=3 fetchUrl=https://acm.timus.ru/status.aspx?space=1&author=69385&from=11240680
69385 page=3 pageSubmissions=10
69385 page=3 submissionsAfterChallengeStart=10
69385 page=3 nextHref=status.aspx?space=1&amp;author=69385&amp;from=11240576
69385 page=3 next=/status.aspx?space=1&author=69385&from=11240576
69385 page=4 fetchUrl=https://acm.timus.ru/status.aspx?space=1&author=69385&from=11240576
69385 page=4 pageSubmissions=10
69385 page=4 submissionsAfterChallengeStart=5
69385 page=4 nextHref=status.aspx?space=1&amp;author=69385&amp;from=9460282
69385 page=4 next=
408257 page=1 fetchUrl=https://acm.timus.ru/status.aspx?space=1&author=408257&count=100&locale=en
408257 page=1 pageSubmissions=81
408257 page=1 submissionsAfterChallengeStart=81
408257 page=1 nextHref=
408257 page=1 next=
408279 page=1 fetchUrl=https://acm.timus.ru/status.aspx?space=1&author=408279&count=100&locale=en
408279 page=1 pageSubmissions=1
408279 page=1 submissionsAfterChallengeStart=1
408279 page=1 nextHref=
408279 page=1 next=
408277 page=1 fetchUrl=https://acm.timus.ru/status.aspx?space=1&author=408277&count=100&locale=en
408277 page=1 pageSubmissions=6
408277 page=1 submissionsAfterChallengeStart=6
408277 page=1 nextHref=
408277 page=1 next=
408280 page=1 fetchUrl=https://acm.timus.ru/status.aspx?space=1&author=408280&count=100&locale=en
408280 page=1 pageSubmissions=26
408280 page=1 submissionsAfterChallengeStart=26
408280 page=1 nextHref=
408280 page=1 next=
408281 page=1 fetchUrl=https://acm.timus.ru/status.aspx?space=1&author=408281&count=100&locale=en
408281 page=1 pageSubmissions=0
408281 page=1 submissionsAfterChallengeStart=0
408281 page=1 nextHref=
408281 page=1 next=
408282 page=1 fetchUrl=https://acm.timus.ru/status.aspx?space=1&author=408282&count=100&locale=en
408282 page=1 pageSubmissions=3
408282 page=1 submissionsAfterChallengeStart=3
408282 page=1 nextHref=
408282 page=1 next=
408283 page=1 fetchUrl=https://acm.timus.ru/status.aspx?space=1&author=408283&count=100&locale=en
408283 page=1 pageSubmissions=51
408283 page=1 submissionsAfterChallengeStart=51
408283 page=1 nextHref=
408283 page=1 next=
408292 page=1 fetchUrl=https://acm.timus.ru/status.aspx?space=1&author=408292&count=100&locale=en
408292 page=1 pageSubmissions=55
408292 page=1 submissionsAfterChallengeStart=55
408292 page=1 nextHref=
408292 page=1 next=
408293 page=1 fetchUrl=https://acm.timus.ru/status.aspx?space=1&author=408293&count=100&locale=en
408293 page=1 pageSubmissions=14
408293 page=1 submissionsAfterChallengeStart=14
408293 page=1 nextHref=
408293 page=1 next=
408296 page=1 fetchUrl=https://acm.timus.ru/status.aspx?space=1&author=408296&count=100&locale=en
408296 page=1 pageSubmissions=32
408296 page=1 submissionsAfterChallengeStart=32
408296 page=1 nextHref=
408296 page=1 next=
408294 page=1 fetchUrl=https://acm.timus.ru/status.aspx?space=1&author=408294&count=100&locale=en
408294 page=1 pageSubmissions=28
408294 page=1 submissionsAfterChallengeStart=28
408294 page=1 nextHref=
408294 page=1 next=
408298 page=1 fetchUrl=https://acm.timus.ru/status.aspx?space=1&author=408298&count=100&locale=en
408298 page=1 pageSubmissions=20
408298 page=1 submissionsAfterChallengeStart=20
408298 page=1 nextHref=
408298 page=1 next=
408303 page=1 fetchUrl=https://acm.timus.ru/status.aspx?space=1&author=408303&count=100&locale=en
408303 page=1 pageSubmissions=91
408303 page=1 submissionsAfterChallengeStart=91
408303 page=1 nextHref=
408303 page=1 next=
408307 page=1 fetchUrl=https://acm.timus.ru/status.aspx?space=1&author=408307&count=100&locale=en
408307 page=1 pageSubmissions=3
408307 page=1 submissionsAfterChallengeStart=3
408307 page=1 nextHref=
408307 page=1 next=
408311 page=1 fetchUrl=https://acm.timus.ru/status.aspx?space=1&author=408311&count=100&locale=en
408311 page=1 pageSubmissions=5
408311 page=1 submissionsAfterChallengeStart=5
408311 page=1 nextHref=
408311 page=1 next=
408323 page=1 fetchUrl=https://acm.timus.ru/status.aspx?space=1&author=408323&count=100&locale=en
408323 page=1 pageSubmissions=21
408323 page=1 submissionsAfterChallengeStart=21
408323 page=1 nextHref=
408323 page=1 next=
408301 page=1 fetchUrl=https://acm.timus.ru/status.aspx?space=1&author=408301&count=100&locale=en
408301 page=1 pageSubmissions=14
408301 page=1 submissionsAfterChallengeStart=14
408301 page=1 nextHref=
408301 page=1 next=
408326 page=1 fetchUrl=https://acm.timus.ru/status.aspx?space=1&author=408326&count=100&locale=en
408326 page=1 pageSubmissions=12
408326 page=1 submissionsAfterChallengeStart=12
408326 page=1 nextHref=
408326 page=1 next=
# 2026-08-27T01:01:27.111Z
69385 page=1 fetchUrl=https://acm.timus.ru/status.aspx?space=1&author=69385&count=100&locale=en
69385 page=1 pageSubmissions=100
69385 page=1 submissionsAfterChallengeStart=100
69385 page=1 nextHref=status.aspx?space=1&amp;author=69385&amp;from=11241301
69385 page=1 next=/status.aspx?space=1&author=69385&from=11241301
69385 page=2 fetchUrl=https://acm.timus.ru/status.aspx?space=1&author=69385&from=11241301
69385 page=2 pageSubmissions=10
69385 page=2 submissionsAfterChallengeStart=10
69385 page=2 nextHref=status.aspx?space=1&amp;author=69385&amp;from=11240680
69385 page=2 next=/status.aspx?space=1&author=69385&from=11240680
69385 page=3 fetchUrl=https://acm.timus.ru/status.aspx?space=1&author=69385&from=11240680
69385 page=3 pageSubmissions=10
69385 page=3 submissionsAfterChallengeStart=10
69385 page=3 nextHref=status.aspx?space=1&amp;author=69385&amp;from=11240576
69385 page=3 next=/status.aspx?space=1&author=69385&from=11240576
69385 page=4 fetchUrl=https://acm.timus.ru/status.aspx?space=1&author=69385&from=11240576
69385 page=4 pageSubmissions=10
69385 page=4 submissionsAfterChallengeStart=5
69385 page=4 nextHref=status.aspx?space=1&amp;author=69385&amp;from=9460282
69385 page=4 next=
408257 page=1 fetchUrl=https://acm.timus.ru/status.aspx?space=1&author=408257&count=100&locale=en
408257 page=1 pageSubmissions=81
408257 page=1 submissionsAfterChallengeStart=81
408257 page=1 nextHref=
408257 page=1 next=
408279 page=1 fetchUrl=https://acm.timus.ru/status.aspx?space=1&author=408279&count=100&locale=en
408279 page=1 pageSubmissions=1
408279 page=1 submissionsAfterChallengeStart=1
408279 page=1 nextHref=
408279 page=1 next=
408277 page=1 fetchUrl=https://acm.timus.ru/status.aspx?space=1&author=408277&count=100&locale=en
408277 page=1 pageSubmissions=6
408277 page=1 submissionsAfterChallengeStart=6
408277 page=1 nextHref=
408277 page=1 next=
408280 page=1 fetchUrl=https://acm.timus.ru/status.aspx?space=1&author=408280&count=100&locale=en
408280 page=1 pageSubmissions=26
408280 page=1 submissionsAfterChallengeStart=26
408280 page=1 nextHref=
408280 page=1 next=
408281 page=1 fetchUrl=https://acm.timus.ru/status.aspx?space=1&author=408281&count=100&locale=en
408281 page=1 pageSubmissions=0
408281 page=1 submissionsAfterChallengeStart=0
408281 page=1 nextHref=
408281 page=1 next=
408282 page=1 fetchUrl=https://acm.timus.ru/status.aspx?space=1&author=408282&count=100&locale=en
408282 page=1 pageSubmissions=3
408282 page=1 submissionsAfterChallengeStart=3
408282 page=1 nextHref=
408282 page=1 next=
408283 page=1 fetchUrl=https://acm.timus.ru/status.aspx?space=1&author=408283&count=100&locale=en
408283 page=1 pageSubmissions=51
408283 page=1 submissionsAfterChallengeStart=51
408283 page=1 nextHref=
408283 page=1 next=
408292 page=1 fetchUrl=https://acm.timus.ru/status.aspx?space=1&author=408292&count=100&locale=en
408292 page=1 pageSubmissions=55
408292 page=1 submissionsAfterChallengeStart=55
408292 page=1 nextHref=
408292 page=1 next=
408293 page=1 fetchUrl=https://acm.timus.ru/status.aspx?space=1&author=408293&count=100&locale=en
408293 page=1 pageSubmissions=14
408293 page=1 submissionsAfterChallengeStart=14
408293 page=1 nextHref=
408293 page=1 next=
408296 page=1 fetchUrl=https://acm.timus.ru/status.aspx?space=1&author=408296&count=100&locale=en
408296 page=1 pageSubmissions=32
408296 page=1 submissionsAfterChallengeStart=32
408296 page=1 nextHref=
408296 page=1 next=
408294 page=1 fetchUrl=https://acm.timus.ru/status.aspx?space=1&author=408294&count=100&locale=en
408294 page=1 pageSubmissions=28
408294 page=1 submissionsAfterChallengeStart=28
408294 page=1 nextHref=
408294 page=1 next=
408298 page=1 fetchUrl=https://acm.timus.ru/status.aspx?space=1&author=408298&count=100&locale=en
408298 page=1 pageSubmissions=20
408298 page=1 submissionsAfterChallengeStart=20
408298 page=1 nextHref=
408298 page=1 next=
408303 page=1 fetchUrl=https://acm.timus.ru/status.aspx?space=1&author=408303&count=100&locale=en
408303 page=1 pageSubmissions=91
408303 page=1 submissionsAfterChallengeStart=91
408303 page=1 nextHref=
408303 page=1 next=
408307 page=1 fetchUrl=https://acm.timus.ru/status.aspx?space=1&author=408307&count=100&locale=en
408307 page=1 pageSubmissions=3
408307 page=1 submissionsAfterChallengeStart=3
408307 page=1 nextHref=
408307 page=1 next=
408311 page=1 fetchUrl=https://acm.timus.ru/status.aspx?space=1&author=408311&count=100&locale=en
408311 page=1 pageSubmissions=5
408311 page=1 submissionsAfterChallengeStart=5
408311 page=1 nextHref=
408311 page=1 next=
408323 page=1 fetchUrl=https://acm.timus.ru/status.aspx?space=1&author=408323&count=100&locale=en
408323 page=1 pageSubmissions=21
408323 page=1 submissionsAfterChallengeStart=21
408323 page=1 nextHref=
408323 page=1 next=
408301 page=1 fetchUrl=https://acm.timus.ru/status.aspx?space=1&author=408301&count=100&locale=en
408301 page=1 pageSubmissions=14
408301 page=1 submissionsAfterChallengeStart=14
408301 page=1 nextHref=
408301 page=1 next=
408326 page=1 fetchUrl=https://acm.timus.ru/status.aspx?space=1&author=408326&count=100&locale=en
408326 page=1 pageSubmissions=12
408326 page=1 submissionsAfterChallengeStart=12
408326 page=1 nextHref=
408326 page=1 next=
# 2026-08-27T01:06:25.477Z
69385 page=1 fetchUrl=https://acm.timus.ru/status.aspx?space=1&author=69385&count=100&locale=en
69385 page=1 pageSubmissions=100
69385 page=1 submissionsAfterChallengeStart=100
69385 page=1 nextHref=status.aspx?space=1&amp;author=69385&amp;from=11241301
69385 page=1 next=/status.aspx?space=1&author=69385&from=11241301
69385 page=2 fetchUrl=https://acm.timus.ru/status.aspx?space=1&author=69385&from=11241301
69385 page=2 pageSubmissions=10
69385 page=2 submissionsAfterChallengeStart=10
69385 page=2 nextHref=status.aspx?space=1&amp;author=69385&amp;from=11240680
69385 page=2 next=/status.aspx?space=1&author=69385&from=11240680
69385 page=3 fetchUrl=https://acm.timus.ru/status.aspx?space=1&author=69385&from=11240680
69385 page=3 pageSubmissions=10
69385 page=3 submissionsAfterChallengeStart=10
69385 page=3 nextHref=status.aspx?space=1&amp;author=69385&amp;from=11240576
69385 page=3 next=/status.aspx?space=1&author=69385&from=11240576
69385 page=4 fetchUrl=https://acm.timus.ru/status.aspx?space=1&author=69385&from=11240576
69385 page=4 pageSubmissions=10
69385 page=4 submissionsAfterChallengeStart=5
69385 page=4 nextHref=status.aspx?space=1&amp;author=69385&amp;from=9460282
69385 page=4 next=
408257 page=1 fetchUrl=https://acm.timus.ru/status.aspx?space=1&author=408257&count=100&locale=en
408257 page=1 pageSubmissions=81
408257 page=1 submissionsAfterChallengeStart=81
408257 page=1 nextHref=
408257 page=1 next=
408279 page=1 fetchUrl=https://acm.timus.ru/status.aspx?space=1&author=408279&count=100&locale=en
408279 page=1 pageSubmissions=1
408279 page=1 submissionsAfterChallengeStart=1
408279 page=1 nextHref=
408279 page=1 next=
408277 page=1 fetchUrl=https://acm.timus.ru/status.aspx?space=1&author=408277&count=100&locale=en
408277 page=1 pageSubmissions=6
408277 page=1 submissionsAfterChallengeStart=6
408277 page=1 nextHref=
408277 page=1 next=
408280 page=1 fetchUrl=https://acm.timus.ru/status.aspx?space=1&author=408280&count=100&locale=en
408280 page=1 pageSubmissions=26
408280 page=1 submissionsAfterChallengeStart=26
408280 page=1 nextHref=
408280 page=1 next=
408281 page=1 fetchUrl=https://acm.timus.ru/status.aspx?space=1&author=408281&count=100&locale=en
408281 page=1 pageSubmissions=0
408281 page=1 submissionsAfterChallengeStart=0
408281 page=1 nextHref=
408281 page=1 next=
408282 page=1 fetchUrl=https://acm.timus.ru/status.aspx?space=1&author=408282&count=100&locale=en
408282 page=1 pageSubmissions=3
408282 page=1 submissionsAfterChallengeStart=3
408282 page=1 nextHref=
408282 page=1 next=
408283 page=1 fetchUrl=https://acm.timus.ru/status.aspx?space=1&author=408283&count=100&locale=en
408283 page=1 pageSubmissions=51
408283 page=1 submissionsAfterChallengeStart=51
408283 page=1 nextHref=
408283 page=1 next=
408292 page=1 fetchUrl=https://acm.timus.ru/status.aspx?space=1&author=408292&count=100&locale=en
408292 page=1 pageSubmissions=55
408292 page=1 submissionsAfterChallengeStart=55
408292 page=1 nextHref=
408292 page=1 next=
408293 page=1 fetchUrl=https://acm.timus.ru/status.aspx?space=1&author=408293&count=100&locale=en
408293 page=1 pageSubmissions=14
408293 page=1 submissionsAfterChallengeStart=14
408293 page=1 nextHref=
408293 page=1 next=
408296 page=1 fetchUrl=https://acm.timus.ru/status.aspx?space=1&author=408296&count=100&locale=en
408296 page=1 pageSubmissions=32
408296 page=1 submissionsAfterChallengeStart=32
408296 page=1 nextHref=
408296 page=1 next=
408294 page=1 fetchUrl=https://acm.timus.ru/status.aspx?space=1&author=408294&count=100&locale=en
408294 page=1 pageSubmissions=28
408294 page=1 submissionsAfterChallengeStart=28
408294 page=1 nextHref=
408294 page=1 next=
408298 page=1 fetchUrl=https://acm.timus.ru/status.aspx?space=1&author=408298&count=100&locale=en
408298 page=1 pageSubmissions=20
408298 page=1 submissionsAfterChallengeStart=20
408298 page=1 nextHref=
408298 page=1 next=
408303 page=1 fetchUrl=https://acm.timus.ru/status.aspx?space=1&author=408303&count=100&locale=en
408303 page=1 pageSubmissions=91
408303 page=1 submissionsAfterChallengeStart=91
408303 page=1 nextHref=
408303 page=1 next=
408307 page=1 fetchUrl=https://acm.timus.ru/status.aspx?space=1&author=408307&count=100&locale=en
408307 page=1 pageSubmissions=3
408307 page=1 submissionsAfterChallengeStart=3
408307 page=1 nextHref=
408307 page=1 next=
408311 page=1 fetchUrl=https://acm.timus.ru/status.aspx?space=1&author=408311&count=100&locale=en
408311 page=1 pageSubmissions=5
408311 page=1 submissionsAfterChallengeStart=5
408311 page=1 nextHref=
408311 page=1 next=
408323 page=1 fetchUrl=https://acm.timus.ru/status.aspx?space=1&author=408323&count=100&locale=en
408323 page=1 pageSubmissions=21
408323 page=1 submissionsAfterChallengeStart=21
408323 page=1 nextHref=
408323 page=1 next=
408301 page=1 fetchUrl=https://acm.timus.ru/status.aspx?space=1&author=408301&count=100&locale=en
408301 page=1 pageSubmissions=14
408301 page=1 submissionsAfterChallengeStart=14
408301 page=1 nextHref=
408301 page=1 next=
408326 page=1 fetchUrl=https://acm.timus.ru/status.aspx?space=1&author=408326&count=100&locale=en
408326 page=1 pageSubmissions=12
408326 page=1 submissionsAfterChallengeStart=12
408326 page=1 nextHref=
408326 page=1 next=
# 2026-08-27T01:11:26.994Z
69385 page=1 fetchUrl=https://acm.timus.ru/status.aspx?space=1&author=69385&count=100&locale=en
69385 page=1 pageSubmissions=100
69385 page=1 submissionsAfterChallengeStart=100
69385 page=1 nextHref=status.aspx?space=1&amp;author=69385&amp;from=11241301
69385 page=1 next=/status.aspx?space=1&author=69385&from=11241301
69385 page=2 fetchUrl=https://acm.timus.ru/status.aspx?space=1&author=69385&from=11241301
69385 page=2 pageSubmissions=10
69385 page=2 submissionsAfterChallengeStart=10
69385 page=2 nextHref=status.aspx?space=1&amp;author=69385&amp;from=11240680
69385 page=2 next=/status.aspx?space=1&author=69385&from=11240680
69385 page=3 fetchUrl=https://acm.timus.ru/status.aspx?space=1&author=69385&from=11240680
69385 page=3 pageSubmissions=10
69385 page=3 submissionsAfterChallengeStart=10
69385 page=3 nextHref=status.aspx?space=1&amp;author=69385&amp;from=11240576
69385 page=3 next=/status.aspx?space=1&author=69385&from=11240576
69385 page=4 fetchUrl=https://acm.timus.ru/status.aspx?space=1&author=69385&from=11240576
69385 page=4 pageSubmissions=10
69385 page=4 submissionsAfterChallengeStart=5
69385 page=4 nextHref=status.aspx?space=1&amp;author=69385&amp;from=9460282
69385 page=4 next=
408257 page=1 fetchUrl=https://acm.timus.ru/status.aspx?space=1&author=408257&count=100&locale=en
408257 page=1 pageSubmissions=81
408257 page=1 submissionsAfterChallengeStart=81
408257 page=1 nextHref=
408257 page=1 next=
408279 page=1 fetchUrl=https://acm.timus.ru/status.aspx?space=1&author=408279&count=100&locale=en
408279 page=1 pageSubmissions=1
408279 page=1 submissionsAfterChallengeStart=1
408279 page=1 nextHref=
408279 page=1 next=
408277 page=1 fetchUrl=https://acm.timus.ru/status.aspx?space=1&author=408277&count=100&locale=en
408277 page=1 pageSubmissions=6
408277 page=1 submissionsAfterChallengeStart=6
408277 page=1 nextHref=
408277 page=1 next=
408280 page=1 fetchUrl=https://acm.timus.ru/status.aspx?space=1&author=408280&count=100&locale=en
408280 page=1 pageSubmissions=26
408280 page=1 submissionsAfterChallengeStart=26
408280 page=1 nextHref=
408280 page=1 next=
408281 page=1 fetchUrl=https://acm.timus.ru/status.aspx?space=1&author=408281&count=100&locale=en
408281 page=1 pageSubmissions=0
408281 page=1 submissionsAfterChallengeStart=0
408281 page=1 nextHref=
408281 page=1 next=
408282 page=1 fetchUrl=https://acm.timus.ru/status.aspx?space=1&author=408282&count=100&locale=en
408282 page=1 pageSubmissions=3
408282 page=1 submissionsAfterChallengeStart=3
408282 page=1 nextHref=
408282 page=1 next=
408283 page=1 fetchUrl=https://acm.timus.ru/status.aspx?space=1&author=408283&count=100&locale=en
408283 page=1 pageSubmissions=51
408283 page=1 submissionsAfterChallengeStart=51
408283 page=1 nextHref=
408283 page=1 next=
408292 page=1 fetchUrl=https://acm.timus.ru/status.aspx?space=1&author=408292&count=100&locale=en
408292 page=1 pageSubmissions=55
408292 page=1 submissionsAfterChallengeStart=55
408292 page=1 nextHref=
408292 page=1 next=
408293 page=1 fetchUrl=https://acm.timus.ru/status.aspx?space=1&author=408293&count=100&locale=en
408293 page=1 pageSubmissions=14
408293 page=1 submissionsAfterChallengeStart=14
408293 page=1 nextHref=
408293 page=1 next=
408296 page=1 fetchUrl=https://acm.timus.ru/status.aspx?space=1&author=408296&count=100&locale=en
408296 page=1 pageSubmissions=32
408296 page=1 submissionsAfterChallengeStart=32
408296 page=1 nextHref=
408296 page=1 next=
408294 page=1 fetchUrl=https://acm.timus.ru/status.aspx?space=1&author=408294&count=100&locale=en
408294 page=1 pageSubmissions=28
408294 page=1 submissionsAfterChallengeStart=28
408294 page=1 nextHref=
408294 page=1 next=
408298 page=1 fetchUrl=https://acm.timus.ru/status.aspx?space=1&author=408298&count=100&locale=en
408298 page=1 pageSubmissions=20
408298 page=1 submissionsAfterChallengeStart=20
408298 page=1 nextHref=
408298 page=1 next=
408303 page=1 fetchUrl=https://acm.timus.ru/status.aspx?space=1&author=408303&count=100&locale=en
408303 page=1 pageSubmissions=91
408303 page=1 submissionsAfterChallengeStart=91
408303 page=1 nextHref=
408303 page=1 next=
408307 page=1 fetchUrl=https://acm.timus.ru/status.aspx?space=1&author=408307&count=100&locale=en
408307 page=1 pageSubmissions=3
408307 page=1 submissionsAfterChallengeStart=3
408307 page=1 nextHref=
408307 page=1 next=
408311 page=1 fetchUrl=https://acm.timus.ru/status.aspx?space=1&author=408311&count=100&locale=en
408311 page=1 pageSubmissions=5
408311 page=1 submissionsAfterChallengeStart=5
408311 page=1 nextHref=
408311 page=1 next=
408323 page=1 fetchUrl=https://acm.timus.ru/status.aspx?space=1&author=408323&count=100&locale=en
408323 page=1 pageSubmissions=21
408323 page=1 submissionsAfterChallengeStart=21
408323 page=1 nextHref=
408323 page=1 next=
408301 page=1 fetchUrl=https://acm.timus.ru/status.aspx?space=1&author=408301&count=100&locale=en
408301 page=1 pageSubmissions=14
408301 page=1 submissionsAfterChallengeStart=14
408301 page=1 nextHref=
408301 page=1 next=
408326 page=1 fetchUrl=https://acm.timus.ru/status.aspx?space=1&author=408326&count=100&locale=en
408326 page=1 pageSubmissions=12
408326 page=1 submissionsAfterChallengeStart=12
408326 page=1 nextHref=
408326 page=1 next=
# 2026-08-27T01:16:25.282Z
69385 page=1 fetchUrl=https://acm.timus.ru/status.aspx?space=1&author=69385&count=100&locale=en
69385 page=1 pageSubmissions=100
69385 page=1 submissionsAfterChallengeStart=100
69385 page=1 nextHref=status.aspx?space=1&amp;author=69385&amp;from=11241301
69385 page=1 next=/status.aspx?space=1&author=69385&from=11241301
69385 page=2 fetchUrl=https://acm.timus.ru/status.aspx?space=1&author=69385&from=11241301
69385 page=2 pageSubmissions=10
69385 page=2 submissionsAfterChallengeStart=10
69385 page=2 nextHref=status.aspx?space=1&amp;author=69385&amp;from=11240680
69385 page=2 next=/status.aspx?space=1&author=69385&from=11240680
69385 page=3 fetchUrl=https://acm.timus.ru/status.aspx?space=1&author=69385&from=11240680
69385 page=3 pageSubmissions=10
69385 page=3 submissionsAfterChallengeStart=10
69385 page=3 nextHref=status.aspx?space=1&amp;author=69385&amp;from=11240576
69385 page=3 next=/status.aspx?space=1&author=69385&from=11240576
69385 page=4 fetchUrl=https://acm.timus.ru/status.aspx?space=1&author=69385&from=11240576
69385 page=4 pageSubmissions=10
69385 page=4 submissionsAfterChallengeStart=5
69385 page=4 nextHref=status.aspx?space=1&amp;author=69385&amp;from=9460282
69385 page=4 next=
408257 page=1 fetchUrl=https://acm.timus.ru/status.aspx?space=1&author=408257&count=100&locale=en
408257 page=1 pageSubmissions=81
408257 page=1 submissionsAfterChallengeStart=81
408257 page=1 nextHref=
408257 page=1 next=
408279 page=1 fetchUrl=https://acm.timus.ru/status.aspx?space=1&author=408279&count=100&locale=en
408279 page=1 pageSubmissions=1
408279 page=1 submissionsAfterChallengeStart=1
408279 page=1 nextHref=
408279 page=1 next=
408277 page=1 fetchUrl=https://acm.timus.ru/status.aspx?space=1&author=408277&count=100&locale=en
408277 page=1 pageSubmissions=6
408277 page=1 submissionsAfterChallengeStart=6
408277 page=1 nextHref=
408277 page=1 next=
408280 page=1 fetchUrl=https://acm.timus.ru/status.aspx?space=1&author=408280&count=100&locale=en
408280 page=1 pageSubmissions=26
408280 page=1 submissionsAfterChallengeStart=26
408280 page=1 nextHref=
408280 page=1 next=
408281 page=1 fetchUrl=https://acm.timus.ru/status.aspx?space=1&author=408281&count=100&locale=en
408281 page=1 pageSubmissions=0
408281 page=1 submissionsAfterChallengeStart=0
408281 page=1 nextHref=
408281 page=1 next=
408282 page=1 fetchUrl=https://acm.timus.ru/status.aspx?space=1&author=408282&count=100&locale=en
408282 page=1 pageSubmissions=3
408282 page=1 submissionsAfterChallengeStart=3
408282 page=1 nextHref=
408282 page=1 next=
408283 page=1 fetchUrl=https://acm.timus.ru/status.aspx?space=1&author=408283&count=100&locale=en
408283 page=1 pageSubmissions=51
408283 page=1 submissionsAfterChallengeStart=51
408283 page=1 nextHref=
408283 page=1 next=
408292 page=1 fetchUrl=https://acm.timus.ru/status.aspx?space=1&author=408292&count=100&locale=en
408292 page=1 pageSubmissions=55
408292 page=1 submissionsAfterChallengeStart=55
408292 page=1 nextHref=
408292 page=1 next=
408293 page=1 fetchUrl=https://acm.timus.ru/status.aspx?space=1&author=408293&count=100&locale=en
408293 page=1 pageSubmissions=14
408293 page=1 submissionsAfterChallengeStart=14
408293 page=1 nextHref=
408293 page=1 next=
408296 page=1 fetchUrl=https://acm.timus.ru/status.aspx?space=1&author=408296&count=100&locale=en
408296 page=1 pageSubmissions=32
408296 page=1 submissionsAfterChallengeStart=32
408296 page=1 nextHref=
408296 page=1 next=
408294 page=1 fetchUrl=https://acm.timus.ru/status.aspx?space=1&author=408294&count=100&locale=en
408294 page=1 pageSubmissions=28
408294 page=1 submissionsAfterChallengeStart=28
408294 page=1 nextHref=
408294 page=1 next=
408298 page=1 fetchUrl=https://acm.timus.ru/status.aspx?space=1&author=408298&count=100&locale=en
408298 page=1 pageSubmissions=20
408298 page=1 submissionsAfterChallengeStart=20
408298 page=1 nextHref=
408298 page=1 next=
408303 page=1 fetchUrl=https://acm.timus.ru/status.aspx?space=1&author=408303&count=100&locale=en
408303 page=1 pageSubmissions=91
408303 page=1 submissionsAfterChallengeStart=91
408303 page=1 nextHref=
408303 page=1 next=
408307 page=1 fetchUrl=https://acm.timus.ru/status.aspx?space=1&author=408307&count=100&locale=en
408307 page=1 pageSubmissions=3
408307 page=1 submissionsAfterChallengeStart=3
408307 page=1 nextHref=
408307 page=1 next=
408311 page=1 fetchUrl=https://acm.timus.ru/status.aspx?space=1&author=408311&count=100&locale=en
408311 page=1 pageSubmissions=5
408311 page=1 submissionsAfterChallengeStart=5
408311 page=1 nextHref=
408311 page=1 next=
408323 page=1 fetchUrl=https://acm.timus.ru/status.aspx?space=1&author=408323&count=100&locale=en
408323 page=1 pageSubmissions=21
408323 page=1 submissionsAfterChallengeStart=21
408323 page=1 nextHref=
408323 page=1 next=
408301 page=1 fetchUrl=https://acm.timus.ru/status.aspx?space=1&author=408301&count=100&locale=en
408301 page=1 pageSubmissions=14
408301 page=1 submissionsAfterChallengeStart=14
408301 page=1 nextHref=
408301 page=1 next=
408326 page=1 fetchUrl=https://acm.timus.ru/status.aspx?space=1&author=408326&count=100&locale=en
408326 page=1 pageSubmissions=12
408326 page=1 submissionsAfterChallengeStart=12
408326 page=1 nextHref=
408326 page=1 next=
# 2026-08-27T01:21:25.229Z
69385 page=1 fetchUrl=https://acm.timus.ru/status.aspx?space=1&author=69385&count=100&locale=en
69385 page=1 pageSubmissions=100
69385 page=1 submissionsAfterChallengeStart=100
69385 page=1 nextHref=status.aspx?space=1&amp;author=69385&amp;from=11241301
69385 page=1 next=/status.aspx?space=1&author=69385&from=11241301
69385 page=2 fetchUrl=https://acm.timus.ru/status.aspx?space=1&author=69385&from=11241301
69385 page=2 pageSubmissions=10
69385 page=2 submissionsAfterChallengeStart=10
69385 page=2 nextHref=status.aspx?space=1&amp;author=69385&amp;from=11240680
69385 page=2 next=/status.aspx?space=1&author=69385&from=11240680
69385 page=3 fetchUrl=https://acm.timus.ru/status.aspx?space=1&author=69385&from=11240680
69385 page=3 pageSubmissions=10
69385 page=3 submissionsAfterChallengeStart=10
69385 page=3 nextHref=status.aspx?space=1&amp;author=69385&amp;from=11240576
69385 page=3 next=/status.aspx?space=1&author=69385&from=11240576
69385 page=4 fetchUrl=https://acm.timus.ru/status.aspx?space=1&author=69385&from=11240576
69385 page=4 pageSubmissions=10
69385 page=4 submissionsAfterChallengeStart=5
69385 page=4 nextHref=status.aspx?space=1&amp;author=69385&amp;from=9460282
69385 page=4 next=
408257 page=1 fetchUrl=https://acm.timus.ru/status.aspx?space=1&author=408257&count=100&locale=en
408257 page=1 pageSubmissions=81
408257 page=1 submissionsAfterChallengeStart=81
408257 page=1 nextHref=
408257 page=1 next=
408279 page=1 fetchUrl=https://acm.timus.ru/status.aspx?space=1&author=408279&count=100&locale=en
408279 page=1 pageSubmissions=1
408279 page=1 submissionsAfterChallengeStart=1
408279 page=1 nextHref=
408279 page=1 next=
408277 page=1 fetchUrl=https://acm.timus.ru/status.aspx?space=1&author=408277&count=100&locale=en
408277 page=1 pageSubmissions=6
408277 page=1 submissionsAfterChallengeStart=6
408277 page=1 nextHref=
408277 page=1 next=
408280 page=1 fetchUrl=https://acm.timus.ru/status.aspx?space=1&author=408280&count=100&locale=en
408280 page=1 pageSubmissions=26
408280 page=1 submissionsAfterChallengeStart=26
408280 page=1 nextHref=
408280 page=1 next=
408281 page=1 fetchUrl=https://acm.timus.ru/status.aspx?space=1&author=408281&count=100&locale=en
408281 page=1 pageSubmissions=0
408281 page=1 submissionsAfterChallengeStart=0
408281 page=1 nextHref=
408281 page=1 next=
408282 page=1 fetchUrl=https://acm.timus.ru/status.aspx?space=1&author=408282&count=100&locale=en
408282 page=1 pageSubmissions=3
408282 page=1 submissionsAfterChallengeStart=3
408282 page=1 nextHref=
408282 page=1 next=
408283 page=1 fetchUrl=https://acm.timus.ru/status.aspx?space=1&author=408283&count=100&locale=en
408283 page=1 pageSubmissions=51
408283 page=1 submissionsAfterChallengeStart=51
408283 page=1 nextHref=
408283 page=1 next=
408292 page=1 fetchUrl=https://acm.timus.ru/status.aspx?space=1&author=408292&count=100&locale=en
408292 page=1 pageSubmissions=55
408292 page=1 submissionsAfterChallengeStart=55
408292 page=1 nextHref=
408292 page=1 next=
408293 page=1 fetchUrl=https://acm.timus.ru/status.aspx?space=1&author=408293&count=100&locale=en
408293 page=1 pageSubmissions=14
408293 page=1 submissionsAfterChallengeStart=14
408293 page=1 nextHref=
408293 page=1 next=
408296 page=1 fetchUrl=https://acm.timus.ru/status.aspx?space=1&author=408296&count=100&locale=en
408296 page=1 pageSubmissions=32
408296 page=1 submissionsAfterChallengeStart=32
408296 page=1 nextHref=
408296 page=1 next=
408294 page=1 fetchUrl=https://acm.timus.ru/status.aspx?space=1&author=408294&count=100&locale=en
408294 page=1 pageSubmissions=28
408294 page=1 submissionsAfterChallengeStart=28
408294 page=1 nextHref=
408294 page=1 next=
408298 page=1 fetchUrl=https://acm.timus.ru/status.aspx?space=1&author=408298&count=100&locale=en
408298 page=1 pageSubmissions=20
408298 page=1 submissionsAfterChallengeStart=20
408298 page=1 nextHref=
408298 page=1 next=
408303 page=1 fetchUrl=https://acm.timus.ru/status.aspx?space=1&author=408303&count=100&locale=en
408303 page=1 pageSubmissions=91
408303 page=1 submissionsAfterChallengeStart=91
408303 page=1 nextHref=
408303 page=1 next=
408307 page=1 fetchUrl=https://acm.timus.ru/status.aspx?space=1&author=408307&count=100&locale=en
408307 page=1 pageSubmissions=3
408307 page=1 submissionsAfterChallengeStart=3
408307 page=1 nextHref=
408307 page=1 next=
408311 page=1 fetchUrl=https://acm.timus.ru/status.aspx?space=1&author=408311&count=100&locale=en
408311 page=1 pageSubmissions=5
408311 page=1 submissionsAfterChallengeStart=5
408311 page=1 nextHref=
408311 page=1 next=
408323 page=1 fetchUrl=https://acm.timus.ru/status.aspx?space=1&author=408323&count=100&locale=en
408323 page=1 pageSubmissions=21
408323 page=1 submissionsAfterChallengeStart=21
408323 page=1 nextHref=
408323 page=1 next=
408301 page=1 fetchUrl=https://acm.timus.ru/status.aspx?space=1&author=408301&count=100&locale=en
408301 page=1 pageSubmissions=14
408301 page=1 submissionsAfterChallengeStart=14
408301 page=1 nextHref=
408301 page=1 next=
408326 page=1 fetchUrl=https://acm.timus.ru/status.aspx?space=1&author=408326&count=100&locale=en
408326 page=1 pageSubmissions=12
408326 page=1 submissionsAfterChallengeStart=12
408326 page=1 nextHref=
408326 page=1 next=
# 2026-08-27T01:26:27.106Z
69385 page=1 fetchUrl=https://acm.timus.ru/status.aspx?space=1&author=69385&count=100&locale=en
69385 page=1 pageSubmissions=100
69385 page=1 submissionsAfterChallengeStart=100
69385 page=1 nextHref=status.aspx?space=1&amp;author=69385&amp;from=11241301
69385 page=1 next=/status.aspx?space=1&author=69385&from=11241301
69385 page=2 fetchUrl=https://acm.timus.ru/status.aspx?space=1&author=69385&from=11241301
69385 page=2 pageSubmissions=10
69385 page=2 submissionsAfterChallengeStart=10
69385 page=2 nextHref=status.aspx?space=1&amp;author=69385&amp;from=11240680
69385 page=2 next=/status.aspx?space=1&author=69385&from=11240680
69385 page=3 fetchUrl=https://acm.timus.ru/status.aspx?space=1&author=69385&from=11240680
69385 page=3 pageSubmissions=10
69385 page=3 submissionsAfterChallengeStart=10
69385 page=3 nextHref=status.aspx?space=1&amp;author=69385&amp;from=11240576
69385 page=3 next=/status.aspx?space=1&author=69385&from=11240576
69385 page=4 fetchUrl=https://acm.timus.ru/status.aspx?space=1&author=69385&from=11240576
69385 page=4 pageSubmissions=10
69385 page=4 submissionsAfterChallengeStart=5
69385 page=4 nextHref=status.aspx?space=1&amp;author=69385&amp;from=9460282
69385 page=4 next=
408257 page=1 fetchUrl=https://acm.timus.ru/status.aspx?space=1&author=408257&count=100&locale=en
408257 page=1 pageSubmissions=81
408257 page=1 submissionsAfterChallengeStart=81
408257 page=1 nextHref=
408257 page=1 next=
408279 page=1 fetchUrl=https://acm.timus.ru/status.aspx?space=1&author=408279&count=100&locale=en
408279 page=1 pageSubmissions=1
408279 page=1 submissionsAfterChallengeStart=1
408279 page=1 nextHref=
408279 page=1 next=
408277 page=1 fetchUrl=https://acm.timus.ru/status.aspx?space=1&author=408277&count=100&locale=en
408277 page=1 pageSubmissions=6
408277 page=1 submissionsAfterChallengeStart=6
408277 page=1 nextHref=
408277 page=1 next=
408280 page=1 fetchUrl=https://acm.timus.ru/status.aspx?space=1&author=408280&count=100&locale=en
408280 page=1 pageSubmissions=26
408280 page=1 submissionsAfterChallengeStart=26
408280 page=1 nextHref=
408280 page=1 next=
408281 page=1 fetchUrl=https://acm.timus.ru/status.aspx?space=1&author=408281&count=100&locale=en
408281 page=1 pageSubmissions=0
408281 page=1 submissionsAfterChallengeStart=0
408281 page=1 nextHref=
408281 page=1 next=
408282 page=1 fetchUrl=https://acm.timus.ru/status.aspx?space=1&author=408282&count=100&locale=en
408282 page=1 pageSubmissions=3
408282 page=1 submissionsAfterChallengeStart=3
408282 page=1 nextHref=
408282 page=1 next=
408283 page=1 fetchUrl=https://acm.timus.ru/status.aspx?space=1&author=408283&count=100&locale=en
408283 page=1 pageSubmissions=51
408283 page=1 submissionsAfterChallengeStart=51
408283 page=1 nextHref=
408283 page=1 next=
408292 page=1 fetchUrl=https://acm.timus.ru/status.aspx?space=1&author=408292&count=100&locale=en
408292 page=1 pageSubmissions=55
408292 page=1 submissionsAfterChallengeStart=55
408292 page=1 nextHref=
408292 page=1 next=
408293 page=1 fetchUrl=https://acm.timus.ru/status.aspx?space=1&author=408293&count=100&locale=en
408293 page=1 pageSubmissions=14
408293 page=1 submissionsAfterChallengeStart=14
408293 page=1 nextHref=
408293 page=1 next=
408296 page=1 fetchUrl=https://acm.timus.ru/status.aspx?space=1&author=408296&count=100&locale=en
408296 page=1 pageSubmissions=32
408296 page=1 submissionsAfterChallengeStart=32
408296 page=1 nextHref=
408296 page=1 next=
408294 page=1 fetchUrl=https://acm.timus.ru/status.aspx?space=1&author=408294&count=100&locale=en
408294 page=1 pageSubmissions=28
408294 page=1 submissionsAfterChallengeStart=28
408294 page=1 nextHref=
408294 page=1 next=
408298 page=1 fetchUrl=https://acm.timus.ru/status.aspx?space=1&author=408298&count=100&locale=en
408298 page=1 pageSubmissions=20
408298 page=1 submissionsAfterChallengeStart=20
408298 page=1 nextHref=
408298 page=1 next=
408303 page=1 fetchUrl=https://acm.timus.ru/status.aspx?space=1&author=408303&count=100&locale=en
408303 page=1 pageSubmissions=91
408303 page=1 submissionsAfterChallengeStart=91
408303 page=1 nextHref=
408303 page=1 next=
408307 page=1 fetchUrl=https://acm.timus.ru/status.aspx?space=1&author=408307&count=100&locale=en
408307 page=1 pageSubmissions=3
408307 page=1 submissionsAfterChallengeStart=3
408307 page=1 nextHref=
408307 page=1 next=
408311 page=1 fetchUrl=https://acm.timus.ru/status.aspx?space=1&author=408311&count=100&locale=en
408311 page=1 pageSubmissions=5
408311 page=1 submissionsAfterChallengeStart=5
408311 page=1 nextHref=
408311 page=1 next=
408323 page=1 fetchUrl=https://acm.timus.ru/status.aspx?space=1&author=408323&count=100&locale=en
408323 page=1 pageSubmissions=21
408323 page=1 submissionsAfterChallengeStart=21
408323 page=1 nextHref=
408323 page=1 next=
408301 page=1 fetchUrl=https://acm.timus.ru/status.aspx?space=1&author=408301&count=100&locale=en
408301 page=1 pageSubmissions=14
408301 page=1 submissionsAfterChallengeStart=14
408301 page=1 nextHref=
408301 page=1 next=
408326 page=1 fetchUrl=https://acm.timus.ru/status.aspx?space=1&author=408326&count=100&locale=en
408326 page=1 pageSubmissions=12
408326 page=1 submissionsAfterChallengeStart=12
408326 page=1 nextHref=
408326 page=1 next=
